03-25 13:30:21.705  9418  9418 E ClientVe: Failed to create ClientVisualElementsProto for user interaction on view com.google.android.apps.gsa.searchbox.ui.suggestions.views.CoreSuggestionView{e4071d8 VFE...CL. ........ 0,132-1038,269 #2} because the view is not tagged for visual element logging.
03-25 13:30:21.705  9418  9418 W IInputConnectionWrapper: getSelectedText on inactive InputConnection
03-25 13:30:21.706  9418  9418 E ClientVe: Failed to create ClientVisualElementsProto for user interaction on view com.google.android.apps.gsa.searchbox.ui.suggestions.views.CoreSuggestionView{e4071d8 VFE...CL. ........ 0,132-1038,269 #2} because the view is not tagged for visual element logging.
03-25 13:30:21.702  2053  3293 I chatty  : uid=1000(system) Binder:2053_C identical 7 lines
03-25 13:30:21.703  2053  3293 W InputManager: Input event injection from pid 12014 failed.
03-25 13:30:21.707  2053  2122 W InputManager: Input event injection from pid 12014 failed.
03-25 13:30:21.707  9418  9418 I chatty  : uid=10104 com.google.android.googlequicksearchbox:search identical 1 line
03-25 13:30:21.707  9418  9418 E ClientVe: Failed to create ClientVisualElementsProto for user interaction on view com.google.android.apps.gsa.searchbox.ui.suggestions.views.CoreSuggestionView{e4071d8 VFE...CL. ........ 0,132-1038,269 #2} because the view is not tagged for visual element logging.
03-25 13:30:21.708 12014 12014 I Monkey  :     // Injection Failed
03-25 13:30:21.708 12014 12014 D MonkeyStub: translateCommand: tap 560 400
03-25 13:30:21.708  2053  2137 I InputDispatcher: Dropping event because there is no touchable window or gesture monitor at (560, 400) in display 0.
03-25 13:30:21.708  2053  2428 W InputManager: Input event injection from pid 12014 failed.
03-25 13:30:21.709 12014 12014 I Monkey  :     // Injection Failed
03-25 13:30:21.709 12014 12014 I Monkey  :     // Injection Failed
03-25 13:30:21.710 12014 12014 D MonkeyStub: translateCommand: tap 560 400
03-25 13:30:21.710  9418  9418 E ClientVe: Failed to create ClientVisualElementsProto for user interaction on view com.google.android.apps.gsa.searchbox.ui.suggestions.views.CoreSuggestionView{e4071d8 VFE...CL. ........ 0,132-1038,269 #2} because the view is not tagged for visual element logging.
03-25 13:30:21.710  2053  2137 I InputDispatcher: Dropping event because there is no touchable window or gesture monitor at (560, 400) in display 0.
03-25 13:30:21.711  9418  9418 E ClientVe: Failed to create ClientVisualElementsProto for user interaction on view com.google.android.apps.gsa.searchbox.ui.suggestions.views.CoreSuggestionView{e4071d8 VFE...CL. ........ 0,132-1038,269 #2} because the view is not tagged for visual element logging.
03-25 13:30:21.709  2053  2428 W InputManager: Input event injection from pid 12014 failed.
03-25 13:30:21.711  2053  2122 W InputManager: Input event injection from pid 12014 failed.
03-25 13:30:21.712 12014 12014 I Monkey  :     // Injection Failed
03-25 13:30:21.712  2053  3293 W InputManager: Input event injection from pid 12014 failed.
03-25 13:30:21.712  9418  9418 E ClientVe: Failed to create ClientVisualElementsProto for user interaction on view com.google.android.apps.gsa.searchbox.ui.suggestions.views.CoreSuggestionView{e4071d8 VFE...CL. ........ 0,132-1038,269 #2} because the view is not tagged for visual element logging.
03-25 13:30:21.712 12014 12014 I Monkey  :     // Injection Failed
03-25 13:30:21.712 12014 12014 D MonkeyStub: translateCommand: tap 560 400
03-25 13:30:21.713  9418  9418 E ClientVe: Failed to create ClientVisualElementsProto for user interaction on view com.google.android.apps.gsa.searchbox.ui.suggestions.views.CoreSuggestionView{e4071d8 VFE...CL. ........ 0,132-1038,269 #2} because the view is not tagged for visual element logging.
03-25 13:30:21.714  2053  2137 I InputDispatcher: Dropping event because there is no touchable window or gesture monitor at (560, 400) in display 0.
03-25 13:30:21.714  9418  9418 E ClientVe: Failed to create ClientVisualElementsProto for user interaction on view com.google.android.apps.gsa.searchbox.ui.suggestions.views.CoreSuggestionView{e4071d8 VFE...CL. ........ 0,132-1038,269 #2} because the view is not tagged for visual element logging.
03-25 13:30:21.714 12014 12014 I Monkey  :     // Injection Failed
03-25 13:30:21.714 12014 12014 I Monkey  :     // Injection Failed
03-25 13:30:21.715 12014 12014 D MonkeyStub: translateCommand: tap 560 400
03-25 13:30:21.715  2053  2137 I InputDispatcher: Dropping event because there is no touchable window or gesture monitor at (560, 400) in display 0.
03-25 13:30:21.715  9418  9418 E ClientVe: Failed to create ClientVisualElementsProto for user interaction on view com.google.android.apps.gsa.searchbox.ui.suggestions.views.CoreSuggestionView{e4071d8 VFE...CL. ........ 0,132-1038,269 #2} because the view is not tagged for visual element logging.
03-25 13:30:21.714  2053  3293 I chatty  : uid=1000(system) Binder:2053_C identical 1 line
03-25 13:30:21.714  2053  3293 W InputManager: Input event injection from pid 12014 failed.
03-25 13:30:21.715  2053  2122 W InputManager: Input event injection from pid 12014 failed.
03-25 13:30:21.715 12014 12014 I Monkey  :     // Injection Failed
03-25 13:30:21.716  2053  3293 W InputManager: Input event injection from pid 12014 failed.
03-25 13:30:21.716 12014 12014 I Monkey  :     // Injection Failed
03-25 13:30:21.716 12014 12014 D MonkeyStub: translateCommand: tap 560 400
03-25 13:30:21.716  9418  9418 E ClientVe: Failed to create ClientVisualElementsProto for user interaction on view com.google.android.apps.gsa.searchbox.ui.suggestions.views.CoreSuggestionView{e4071d8 VFE...CL. ........ 0,132-1038,269 #2} because the view is not tagged for visual element logging.
03-25 13:30:21.717  9418  9418 E ClientVe: Failed to create ClientVisualElementsProto for user interaction on view com.google.android.apps.gsa.searchbox.ui.suggestions.views.CoreSuggestionView{e4071d8 VFE...CL. ........ 0,132-1038,269 #2} because the view is not tagged for visual element logging.
03-25 13:30:21.718  2053  2137 I InputDispatcher: Dropping event because there is no touchable window or gesture monitor at (560, 400) in display 0.
03-25 13:30:21.718  2053  2122 W InputManager: Input event injection from pid 12014 failed.
03-25 13:30:21.718 12014 12014 I Monkey  :     // Injection Failed
03-25 13:30:21.718  9418  9418 E ClientVe: Failed to create ClientVisualElementsProto for user interaction on view com.google.android.apps.gsa.searchbox.ui.suggestions.views.CoreSuggestionView{e4071d8 VFE...CL. ........ 0,132-1038,269 #2} because the view is not tagged for visual element logging.
03-25 13:30:21.719  2053  2428 W InputManager: Input event injection from pid 12014 failed.
03-25 13:30:21.719 12014 12014 I Monkey  :     // Injection Failed
03-25 13:30:21.719 12014 12014 D MonkeyStub: translateCommand: tap 560 400
03-25 13:30:21.719  9418  9418 E ClientVe: Failed to create ClientVisualElementsProto for user interaction on view com.google.android.apps.gsa.searchbox.ui.suggestions.views.CoreSuggestionView{e4071d8 VFE...CL. ........ 0,132-1038,269 #2} because the view is not tagged for visual element logging.
03-25 13:30:21.719  2053  2137 I InputDispatcher: Dropping event because there is no touchable window or gesture monitor at (560, 400) in display 0.
03-25 13:30:21.720 12014 12014 I Monkey  :     // Injection Failed
03-25 13:30:21.719  2053  2428 W InputManager: Input event injection from pid 12014 failed.
03-25 13:30:21.720  2053  3293 W InputManager: Input event injection from pid 12014 failed.
03-25 13:30:21.720 12014 12014 I Monkey  :     // Injection Failed
03-25 13:30:21.720  9418  9418 E ClientVe: Failed to create ClientVisualElementsProto for user interaction on view com.google.android.apps.gsa.searchbox.ui.suggestions.views.CoreSuggestionView{e4071d8 VFE...CL. ........ 0,132-1038,269 #2} because the view is not tagged for visual element logging.
03-25 13:30:21.720 12014 12014 D MonkeyStub: translateCommand: tap 560 400
03-25 13:30:21.721  2053  2137 I InputDispatcher: Dropping event because there is no touchable window or gesture monitor at (560, 400) in display 0.
03-25 13:30:21.721  9418  9418 E ClientVe: Failed to create ClientVisualElementsProto for user interaction on view com.google.android.apps.gsa.searchbox.ui.suggestions.views.CoreSuggestionView{e4071d8 VFE...CL. ........ 0,132-1038,269 #2} because the view is not tagged for visual element logging.
03-25 13:30:21.722  2053  2122 W InputManager: Input event injection from pid 12014 failed.
03-25 13:30:21.722  9418  9418 E ClientVe: Failed to create ClientVisualElementsProto for user interaction on view com.google.android.apps.gsa.searchbox.ui.suggestions.views.CoreSuggestionView{e4071d8 VFE...CL. ........ 0,132-1038,269 #2} because the view is not tagged for visual element logging.
03-25 13:30:21.722 12014 12014 I Monkey  :     // Injection Failed
03-25 13:30:21.723  9418  9418 E ClientVe: Failed to create ClientVisualElementsProto for user interaction on view com.google.android.apps.gsa.searchbox.ui.suggestions.views.CoreSuggestionView{e4071d8 VFE...CL. ........ 0,132-1038,269 #2} because the view is not tagged for visual element logging.
03-25 13:30:21.724 12014 12014 I Monkey  :     // Injection Failed
03-25 13:30:21.724 12014 12014 D MonkeyStub: translateCommand: tap 560 400
03-25 13:30:21.724  2053  2137 I InputDispatcher: Dropping event because there is no touchable window or gesture monitor at (560, 400) in display 0.
03-25 13:30:21.723  2053  2122 W InputManager: Input event injection from pid 12014 failed.
03-25 13:30:21.724  2053  3293 W InputManager: Input event injection from pid 12014 failed.
03-25 13:30:21.724 12014 12014 I Monkey  :     // Injection Failed
03-25 13:30:21.725  2053  2428 W InputManager: Input event injection from pid 12014 failed.
03-25 13:30:21.725 12014 12014 I Monkey  :     // Injection Failed
03-25 13:30:21.725 12014 12014 D MonkeyStub: translateCommand: tap 560 400
03-25 13:30:21.725  9418  9418 E ClientVe: Failed to create ClientVisualElementsProto for user interaction on view com.google.android.apps.gsa.searchbox.ui.suggestions.views.CoreSuggestionView{e4071d8 VFE...CL. ........ 0,132-1038,269 #2} because the view is not tagged for visual element logging.
03-25 13:30:21.726  2053  2137 I InputDispatcher: Dropping event because there is no touchable window or gesture monitor at (560, 400) in display 0.
03-25 13:30:21.727 12014 12014 I Monkey  :     // Injection Failed
03-25 13:30:21.727  9418  9418 E ClientVe: Failed to create ClientVisualElementsProto for user interaction on view com.google.android.apps.gsa.searchbox.ui.suggestions.views.CoreSuggestionView{e4071d8 VFE...CL. ........ 0,132-1038,269 #2} because the view is not tagged for visual element logging.
03-25 13:30:21.728  9418  9418 I chatty  : uid=10104 com.google.android.googlequicksearchbox:search identical 1 line
03-25 13:30:21.729  9418  9418 E ClientVe: Failed to create ClientVisualElementsProto for user interaction on view com.google.android.apps.gsa.searchbox.ui.suggestions.views.CoreSuggestionView{e4071d8 VFE...CL. ........ 0,132-1038,269 #2} because the view is not tagged for visual element logging.
03-25 13:30:21.730 12014 12014 I Monkey  :     // Injection Failed
03-25 13:30:21.730 12014 12014 D MonkeyStub: translateCommand: tap 560 400
03-25 13:30:21.730  9418  9418 E ClientVe: Failed to create ClientVisualElementsProto for user interaction on view com.google.android.apps.gsa.searchbox.ui.suggestions.views.CoreSuggestionView{e4071d8 VFE...CL. ........ 0,132-1038,269 #2} because the view is not tagged for visual element logging.
03-25 13:30:21.731  2053  2137 I InputDispatcher: Dropping event because there is no touchable window or gesture monitor at (560, 400) in display 0.
03-25 13:30:21.726  2053  2428 I chatty  : uid=1000(system) Binder:2053_7 identical 1 line
03-25 13:30:21.730  2053  2428 W InputManager: Input event injection from pid 12014 failed.
03-25 13:30:21.731  2053  3293 W InputManager: Input event injection from pid 12014 failed.
03-25 13:30:21.731 12014 12014 I Monkey  :     // Injection Failed
03-25 13:30:21.732  9418  9418 E ClientVe: Failed to create ClientVisualElementsProto for user interaction on view com.google.android.apps.gsa.searchbox.ui.suggestions.views.CoreSuggestionView{e4071d8 VFE...CL. ........ 0,132-1038,269 #2} because the view is not tagged for visual element logging.
03-25 13:30:21.732 12014 12014 I Monkey  :     // Injection Failed
03-25 13:30:21.732 12014 12014 D MonkeyStub: translateCommand: tap 560 400
03-25 13:30:21.732  9418  9418 E ClientVe: Failed to create ClientVisualElementsProto for user interaction on view com.google.android.apps.gsa.searchbox.ui.suggestions.views.CoreSuggestionView{e4071d8 VFE...CL. ........ 0,132-1038,269 #2} because the view is not tagged for visual element logging.
03-25 13:30:21.732  2053  2137 I InputDispatcher: Dropping event because there is no touchable window or gesture monitor at (560, 400) in display 0.
03-25 13:30:21.732  2053  3293 W InputManager: Input event injection from pid 12014 failed.
03-25 13:30:21.733  2053  2122 W InputManager: Input event injection from pid 12014 failed.
03-25 13:30:21.733 12014 12014 I Monkey  :     // Injection Failed
03-25 13:30:21.733  2053  3293 W InputManager: Input event injection from pid 12014 failed.
03-25 13:30:21.733 12014 12014 I Monkey  :     // Injection Failed
03-25 13:30:21.733  9418  9418 E ClientVe: Failed to create ClientVisualElementsProto for user interaction on view com.google.android.apps.gsa.searchbox.ui.suggestions.views.CoreSuggestionView{e4071d8 VFE...CL. ........ 0,132-1038,269 #2} because the view is not tagged for visual element logging.
03-25 13:30:21.733 12014 12014 D MonkeyStub: translateCommand: tap 560 400
03-25 13:30:21.734  2053  2137 I InputDispatcher: Dropping event because there is no touchable window or gesture monitor at (560, 400) in display 0.
03-25 13:30:21.734  9418  9418 E ClientVe: Failed to create ClientVisualElementsProto for user interaction on view com.google.android.apps.gsa.searchbox.ui.suggestions.views.CoreSuggestionView{e4071d8 VFE...CL. ........ 0,132-1038,269 #2} because the view is not tagged for visual element logging.
03-25 13:30:21.734  2053  2122 W InputManager: Input event injection from pid 12014 failed.
03-25 13:30:21.734 12014 12014 I Monkey  :     // Injection Failed
03-25 13:30:21.735  9418  9418 E ClientVe: Failed to create ClientVisualElementsProto for user interaction on view com.google.android.apps.gsa.searchbox.ui.suggestions.views.CoreSuggestionView{e4071d8 VFE...CL. ........ 0,132-1038,269 #2} because the view is not tagged for visual element logging.
03-25 13:30:21.735  2053  3293 W InputManager: Input event injection from pid 12014 failed.
03-25 13:30:21.735 12014 12014 I Monkey  :     // Injection Failed
03-25 13:30:21.735 12014 12014 D MonkeyStub: translateCommand: tap 560 400
03-25 13:30:21.735  9418  9418 E ClientVe: Failed to create ClientVisualElementsProto for user interaction on view com.google.android.apps.gsa.searchbox.ui.suggestions.views.CoreSuggestionView{e4071d8 VFE...CL. ........ 0,132-1038,269 #2} because the view is not tagged for visual element logging.
03-25 13:30:21.736  2053  2137 I InputDispatcher: Dropping event because there is no touchable window or gesture monitor at (560, 400) in display 0.
03-25 13:30:21.736  2053  2122 W InputManager: Input event injection from pid 12014 failed.
03-25 13:30:21.736  9418  9418 W ActivityThread: handleWindowVisibility: no activity for token android.os.BinderProxy@e3bd1bf
03-25 13:30:21.736 12014 12014 I Monkey  :     // Injection Failed
03-25 13:30:21.736  2053  3293 W InputManager: Input event injection from pid 12014 failed.
03-25 13:30:21.737 12014 12014 I Monkey  :     // Injection Failed
03-25 13:30:21.737 12014 12014 D MonkeyStub: translateCommand: tap 560 400
03-25 13:30:21.737  2053  2137 I InputDispatcher: Dropping event because there is no touchable window or gesture monitor at (560, 400) in display 0.
03-25 13:30:21.737 12014 12014 I Monkey  :     // Injection Failed
03-25 13:30:21.738 12014 12014 I Monkey  :     // Injection Failed
03-25 13:30:21.738 12014 12014 D MonkeyStub: translateCommand: tap 560 400
03-25 13:30:21.739  2053  2137 I InputDispatcher: Dropping event because there is no touchable window or gesture monitor at (560, 400) in display 0.
03-25 13:30:21.739 12014 12014 I Monkey  :     // Injection Failed
03-25 13:30:21.740 12014 12014 I Monkey  :     // Injection Failed
03-25 13:30:21.740 12014 12014 D MonkeyStub: translateCommand: tap 560 400
03-25 13:30:21.740  2053  2137 I InputDispatcher: Dropping event because there is no touchable window or gesture monitor at (560, 400) in display 0.
03-25 13:30:21.742 12014 12014 I Monkey  :     // Injection Failed
03-25 13:30:21.745 12014 12014 I Monkey  :     // Injection Failed
03-25 13:30:21.745 12014 12014 D MonkeyStub: translateCommand: tap 560 400
03-25 13:30:21.746  2053  2137 I InputDispatcher: Dropping event because there is no touchable window or gesture monitor at (560, 400) in display 0.
03-25 13:30:21.746 12014 12014 I Monkey  :     // Injection Failed
03-25 13:30:21.747 12014 12014 I Monkey  :     // Injection Failed
03-25 13:30:21.750 12014 12014 D MonkeyStub: translateCommand: tap 560 400
03-25 13:30:21.751  2053  2137 I InputDispatcher: Dropping event because there is no touchable window or gesture monitor at (560, 400) in display 0.
03-25 13:30:21.751 12014 12014 I Monkey  :     // Injection Failed
03-25 13:30:21.751 12014 12014 I Monkey  :     // Injection Failed
03-25 13:30:21.753 12014 12014 D MonkeyStub: translateCommand: tap 560 400
03-25 13:30:21.753  2053  2137 I InputDispatcher: Dropping event because there is no touchable window or gesture monitor at (560, 400) in display 0.
03-25 13:30:21.751  2053  3293 I chatty  : uid=1000(system) Binder:2053_C identical 9 lines
03-25 13:30:21.751  2053  3293 W InputManager: Input event injection from pid 12014 failed.
03-25 13:30:21.753  2053  2122 W InputManager: Input event injection from pid 12014 failed.
03-25 13:30:21.754 12014 12014 I Monkey  :     // Injection Failed
03-25 13:30:21.755 12014 12014 I Monkey  :     // Injection Failed
03-25 13:30:21.755 12014 12014 D MonkeyStub: translateCommand: tap 560 400
03-25 13:30:21.756  2053  2137 I InputDispatcher: Dropping event because there is no touchable window or gesture monitor at (560, 400) in display 0.
03-25 13:30:21.756 12014 12014 I Monkey  :     // Injection Failed
03-25 13:30:21.757 12014 12014 I Monkey  :     // Injection Failed
03-25 13:30:21.757 12014 12014 D MonkeyStub: translateCommand: tap 560 400
03-25 13:30:21.757  2053  2137 I InputDispatcher: Dropping event because there is no touchable window or gesture monitor at (560, 400) in display 0.
03-25 13:30:21.757 12014 12014 I Monkey  :     // Injection Failed
03-25 13:30:21.759 12014 12014 I Monkey  :     // Injection Failed
03-25 13:30:21.759 12014 12014 D MonkeyStub: translateCommand: tap 560 400
03-25 13:30:21.759  2053  2137 I InputDispatcher: Dropping event because there is no touchable window or gesture monitor at (560, 400) in display 0.
03-25 13:30:21.759 12014 12014 I Monkey  :     // Injection Failed
03-25 13:30:21.761 12014 12014 I Monkey  :     // Injection Failed
03-25 13:30:21.761 12014 12014 D MonkeyStub: translateCommand: tap 560 400
03-25 13:30:21.762  2053  2137 I InputDispatcher: Dropping event because there is no touchable window or gesture monitor at (560, 400) in display 0.
03-25 13:30:21.765 12014 12014 I Monkey  :     // Injection Failed
03-25 13:30:21.766 12014 12014 I Monkey  :     // Injection Failed
03-25 13:30:21.766 12014 12014 D MonkeyStub: translateCommand: tap 560 400
03-25 13:30:21.766  2053  2137 I InputDispatcher: Dropping event because there is no touchable window or gesture monitor at (560, 400) in display 0.
03-25 13:30:21.767 12014 12014 I Monkey  :     // Injection Failed
03-25 13:30:21.767 12014 12014 I Monkey  :     // Injection Failed
03-25 13:30:21.767 12014 12014 D MonkeyStub: translateCommand: tap 560 400
03-25 13:30:21.768  2053  2137 I InputDispatcher: Dropping event because there is no touchable window or gesture monitor at (560, 400) in display 0.
03-25 13:30:21.769 12014 12014 I Monkey  :     // Injection Failed
03-25 13:30:21.769 12014 12014 I Monkey  :     // Injection Failed
03-25 13:30:21.769 12014 12014 D MonkeyStub: translateCommand: tap 560 400
03-25 13:30:21.770  2053  2137 I InputDispatcher: Dropping event because there is no touchable window or gesture monitor at (560, 400) in display 0.
03-25 13:30:21.770 12014 12014 I Monkey  :     // Injection Failed
03-25 13:30:21.771 12014 12014 I Monkey  :     // Injection Failed
03-25 13:30:21.771 12014 12014 D MonkeyStub: translateCommand: tap 560 400
03-25 13:30:21.771  2053  2137 I InputDispatcher: Dropping event because there is no touchable window or gesture monitor at (560, 400) in display 0.
03-25 13:30:21.772 12014 12014 I Monkey  :     // Injection Failed
03-25 13:30:21.773 12014 12014 I Monkey  :     // Injection Failed
03-25 13:30:21.773 12014 12014 D MonkeyStub: translateCommand: tap 560 400
03-25 13:30:21.774  2053  2137 I InputDispatcher: Dropping event because there is no touchable window or gesture monitor at (560, 400) in display 0.
03-25 13:30:21.774 12014 12014 I Monkey  :     // Injection Failed
03-25 13:30:21.775 12014 12014 I Monkey  :     // Injection Failed
03-25 13:30:21.775 12014 12014 D MonkeyStub: translateCommand: tap 560 400
03-25 13:30:21.776  2053  2137 I InputDispatcher: Dropping event because there is no touchable window or gesture monitor at (560, 400) in display 0.
03-25 13:30:21.776 12014 12014 I Monkey  :     // Injection Failed
03-25 13:30:21.777 12014 12014 I Monkey  :     // Injection Failed
03-25 13:30:21.779 12014 12014 D MonkeyStub: translateCommand: tap 560 400
03-25 13:30:21.779  2053  2137 I InputDispatcher: Dropping event because there is no touchable window or gesture monitor at (560, 400) in display 0.
03-25 13:30:21.780 12014 12014 I Monkey  :     // Injection Failed
03-25 13:30:21.780 12014 12014 I Monkey  :     // Injection Failed
03-25 13:30:21.781 12014 12014 D MonkeyStub: translateCommand: tap 560 400
03-25 13:30:21.784  2053  2137 I InputDispatcher: Dropping event because there is no touchable window or gesture monitor at (560, 400) in display 0.
03-25 13:30:21.785 12014 12014 I Monkey  :     // Injection Failed
03-25 13:30:21.785 12014 12014 I Monkey  :     // Injection Failed
03-25 13:30:21.786 12014 12014 D MonkeyStub: translateCommand: tap 560 400
03-25 13:30:21.786  2053  2137 I InputDispatcher: Dropping event because there is no touchable window or gesture monitor at (560, 400) in display 0.
03-25 13:30:21.787 12014 12014 I Monkey  :     // Injection Failed
03-25 13:30:21.788 12014 12014 I Monkey  :     // Injection Failed
03-25 13:30:21.788 12014 12014 D MonkeyStub: translateCommand: tap 560 400
03-25 13:30:21.788  2053  2137 I InputDispatcher: Dropping event because there is no touchable window or gesture monitor at (560, 400) in display 0.
03-25 13:30:21.789 12014 12014 I Monkey  :     // Injection Failed
03-25 13:30:21.789 12014 12014 I Monkey  :     // Injection Failed
03-25 13:30:21.790 12014 12014 D MonkeyStub: translateCommand: tap 560 400
03-25 13:30:21.790  2053  2137 I InputDispatcher: Dropping event because there is no touchable window or gesture monitor at (560, 400) in display 0.
03-25 13:30:21.791 12014 12014 I Monkey  :     // Injection Failed
03-25 13:30:21.792 12014 12014 I Monkey  :     // Injection Failed
03-25 13:30:21.792 12014 12014 D MonkeyStub: translateCommand: tap 560 400
03-25 13:30:21.793  2053  2137 I InputDispatcher: Dropping event because there is no touchable window or gesture monitor at (560, 400) in display 0.
03-25 13:30:21.793 12014 12014 I Monkey  :     // Injection Failed
03-25 13:30:21.794 12014 12014 I Monkey  :     // Injection Failed
03-25 13:30:21.795 12014 12014 D MonkeyStub: translateCommand: tap 560 400
03-25 13:30:21.795  2053  2137 I InputDispatcher: Dropping event because there is no touchable window or gesture monitor at (560, 400) in display 0.
03-25 13:30:21.796 12014 12014 I Monkey  :     // Injection Failed
03-25 13:30:21.797 12014 12014 I Monkey  :     // Injection Failed
03-25 13:30:21.797 12014 12014 D MonkeyStub: translateCommand: tap 560 400
03-25 13:30:21.797  2053  2137 I InputDispatcher: Dropping event because there is no touchable window or gesture monitor at (560, 400) in display 0.
03-25 13:30:21.797 12014 12014 I Monkey  :     // Injection Failed
03-25 13:30:21.798 12014 12014 I Monkey  :     // Injection Failed
03-25 13:30:21.799 12014 12014 D MonkeyStub: translateCommand: tap 560 400
03-25 13:30:21.800  2053  2137 I InputDispatcher: Dropping event because there is no touchable window or gesture monitor at (560, 400) in display 0.
03-25 13:30:21.800 12014 12014 I Monkey  :     // Injection Failed
03-25 13:30:21.801 12014 12014 I Monkey  :     // Injection Failed
03-25 13:30:21.801 12014 12014 D MonkeyStub: translateCommand: tap 560 400
03-25 13:30:21.802  2053  2137 I InputDispatcher: Dropping event because there is no touchable window or gesture monitor at (560, 400) in display 0.
03-25 13:30:21.802 12014 12014 I Monkey  :     // Injection Failed
03-25 13:30:21.803 12014 12014 I Monkey  :     // Injection Failed
03-25 13:30:21.803 12014 12014 D MonkeyStub: translateCommand: tap 560 400
03-25 13:30:21.804  2053  2137 I InputDispatcher: Dropping event because there is no touchable window or gesture monitor at (560, 400) in display 0.
03-25 13:30:21.805 12014 12014 I Monkey  :     // Injection Failed
03-25 13:30:21.806 12014 12014 I Monkey  :     // Injection Failed
03-25 13:30:21.806 12014 12014 D MonkeyStub: translateCommand: tap 560 400
03-25 13:30:21.807  2053  2137 I InputDispatcher: Dropping event because there is no touchable window or gesture monitor at (560, 400) in display 0.
03-25 13:30:21.807 12014 12014 I Monkey  :     // Injection Failed
03-25 13:30:21.808 12014 12014 I Monkey  :     // Injection Failed
03-25 13:30:21.808 12014 12014 D MonkeyStub: translateCommand: tap 560 400
03-25 13:30:21.809  2053  2137 I InputDispatcher: Dropping event because there is no touchable window or gesture monitor at (560, 400) in display 0.
03-25 13:30:21.809 12014 12014 I Monkey  :     // Injection Failed
03-25 13:30:21.810 12014 12014 I Monkey  :     // Injection Failed
03-25 13:30:21.812 12014 12014 D MonkeyStub: translateCommand: tap 560 400
03-25 13:30:21.812  2053  2137 I InputDispatcher: Dropping event because there is no touchable window or gesture monitor at (560, 400) in display 0.
03-25 13:30:21.813 12014 12014 I Monkey  :     // Injection Failed
03-25 13:30:21.813 12014 12014 I Monkey  :     // Injection Failed
03-25 13:30:21.814 12014 12014 D MonkeyStub: translateCommand: tap 560 400
03-25 13:30:21.814  2053  2137 I InputDispatcher: Dropping event because there is no touchable window or gesture monitor at (560, 400) in display 0.
03-25 13:30:21.814 12014 12014 I Monkey  :     // Injection Failed
03-25 13:30:21.815 12014 12014 I Monkey  :     // Injection Failed
03-25 13:30:21.816 12014 12014 D MonkeyStub: translateCommand: tap 560 400
03-25 13:30:21.816  2053  2137 I InputDispatcher: Dropping event because there is no touchable window or gesture monitor at (560, 400) in display 0.
03-25 13:30:21.816 12014 12014 I Monkey  :     // Injection Failed
03-25 13:30:21.817 12014 12014 I Monkey  :     // Injection Failed
03-25 13:30:21.817 12014 12014 D MonkeyStub: translateCommand: tap 560 400
03-25 13:30:21.818  2053  2137 I InputDispatcher: Dropping event because there is no touchable window or gesture monitor at (560, 400) in display 0.
03-25 13:30:21.818 12014 12014 I Monkey  :     // Injection Failed
03-25 13:30:21.818 12014 12014 I Monkey  :     // Injection Failed
03-25 13:30:21.819 12014 12014 D MonkeyStub: translateCommand: tap 560 400
03-25 13:30:21.819  2053  2137 I InputDispatcher: Dropping event because there is no touchable window or gesture monitor at (560, 400) in display 0.
03-25 13:30:21.819 12014 12014 I Monkey  :     // Injection Failed
03-25 13:30:21.820 12014 12014 I Monkey  :     // Injection Failed
03-25 13:30:21.820 12014 12014 D MonkeyStub: translateCommand: tap 560 400
03-25 13:30:21.820  2053  2137 I InputDispatcher: Dropping event because there is no touchable window or gesture monitor at (560, 400) in display 0.
03-25 13:30:21.821 12014 12014 I Monkey  :     // Injection Failed
03-25 13:30:21.821 12014 12014 I Monkey  :     // Injection Failed
03-25 13:30:21.821 12014 12014 D MonkeyStub: translateCommand: tap 560 400
03-25 13:30:21.822  2053  2137 I InputDispatcher: Dropping event because there is no touchable window or gesture monitor at (560, 400) in display 0.
03-25 13:30:21.822 12014 12014 I Monkey  :     // Injection Failed
03-25 13:30:21.823 12014 12014 I Monkey  :     // Injection Failed
03-25 13:30:21.823 12014 12014 D MonkeyStub: translateCommand: tap 560 400
03-25 13:30:21.823  2053  2137 I InputDispatcher: Dropping event because there is no touchable window or gesture monitor at (560, 400) in display 0.
03-25 13:30:21.823 12014 12014 I Monkey  :     // Injection Failed
03-25 13:30:21.824 12014 12014 I Monkey  :     // Injection Failed
03-25 13:30:21.824 12014 12014 D MonkeyStub: translateCommand: tap 560 400
03-25 13:30:21.825  2053  2137 I InputDispatcher: Dropping event because there is no touchable window or gesture monitor at (560, 400) in display 0.
03-25 13:30:21.825 12014 12014 I Monkey  :     // Injection Failed
03-25 13:30:21.826 12014 12014 I Monkey  :     // Injection Failed
03-25 13:30:21.826 12014 12014 D MonkeyStub: translateCommand: tap 560 400
03-25 13:30:21.826  2053  2137 I InputDispatcher: Dropping event because there is no touchable window or gesture monitor at (560, 400) in display 0.
03-25 13:30:21.826 12014 12014 I Monkey  :     // Injection Failed
03-25 13:30:21.826 12014 12014 I Monkey  :     // Injection Failed
03-25 13:30:21.827 12014 12014 D MonkeyStub: translateCommand: tap 560 400
03-25 13:30:21.828  2053  2137 I InputDispatcher: Dropping event because there is no touchable window or gesture monitor at (560, 400) in display 0.
03-25 13:30:21.828 12014 12014 I Monkey  :     // Injection Failed
03-25 13:30:21.829 12014 12014 I Monkey  :     // Injection Failed
03-25 13:30:21.829 12014 12014 D MonkeyStub: translateCommand: tap 560 400
03-25 13:30:21.829  2053  2137 I InputDispatcher: Dropping event because there is no touchable window or gesture monitor at (560, 400) in display 0.
03-25 13:30:21.830 12014 12014 I Monkey  :     // Injection Failed
03-25 13:30:21.830 12014 12014 I Monkey  :     // Injection Failed
03-25 13:30:21.832 12014 12014 D MonkeyStub: translateCommand: tap 560 400
03-25 13:30:21.832  2053  2137 I InputDispatcher: Dropping event because there is no touchable window or gesture monitor at (560, 400) in display 0.
03-25 13:30:21.833 12014 12014 I Monkey  :     // Injection Failed
03-25 13:30:21.833 12014 12014 I Monkey  :     // Injection Failed
03-25 13:30:21.833 12014 12014 D MonkeyStub: translateCommand: tap 560 400
03-25 13:30:21.834  2053  2137 I InputDispatcher: Dropping event because there is no touchable window or gesture monitor at (560, 400) in display 0.
03-25 13:30:21.834 12014 12014 I Monkey  :     // Injection Failed
03-25 13:30:21.834 12014 12014 I Monkey  :     // Injection Failed
03-25 13:30:21.838 12014 12014 D MonkeyStub: translateCommand: tap 560 400
03-25 13:30:21.838  2053  2137 I InputDispatcher: Dropping event because there is no touchable window or gesture monitor at (560, 400) in display 0.
03-25 13:30:21.838 12014 12014 I Monkey  :     // Injection Failed
03-25 13:30:21.839 12014 12014 I Monkey  :     // Injection Failed
03-25 13:30:21.839 12014 12014 D MonkeyStub: translateCommand: tap 560 400
03-25 13:30:21.840  2053  2137 I InputDispatcher: Dropping event because there is no touchable window or gesture monitor at (560, 400) in display 0.
03-25 13:30:21.840 12014 12014 I Monkey  :     // Injection Failed
03-25 13:30:21.840 12014 12014 I Monkey  :     // Injection Failed
03-25 13:30:21.841 12014 12014 D MonkeyStub: translateCommand: tap 560 400
03-25 13:30:21.841  2053  2137 I InputDispatcher: Dropping event because there is no touchable window or gesture monitor at (560, 400) in display 0.
03-25 13:30:21.841 12014 12014 I Monkey  :     // Injection Failed
03-25 13:30:21.842 12014 12014 I Monkey  :     // Injection Failed
03-25 13:30:21.842 12014 12014 D MonkeyStub: translateCommand: tap 560 400
03-25 13:30:21.842  2053  2137 I InputDispatcher: Dropping event because there is no touchable window or gesture monitor at (560, 400) in display 0.
03-25 13:30:21.843 12014 12014 I Monkey  :     // Injection Failed
03-25 13:30:21.843 12014 12014 I Monkey  :     // Injection Failed
03-25 13:30:21.844 12014 12014 D MonkeyStub: translateCommand: tap 560 400
03-25 13:30:21.844 12120 12120 I GoogleHttpClient: GMS http client unavailable, use old client
03-25 13:30:21.844  2053  2137 I InputDispatcher: Dropping event because there is no touchable window or gesture monitor at (560, 400) in display 0.
03-25 13:30:21.845 12014 12014 I Monkey  :     // Injection Failed
03-25 13:30:21.845 12014 12014 I Monkey  :     // Injection Failed
03-25 13:30:21.845 12014 12014 D MonkeyStub: translateCommand: tap 560 400
03-25 13:30:21.845  2053  2137 I InputDispatcher: Dropping event because there is no touchable window or gesture monitor at (560, 400) in display 0.
03-25 13:30:21.845 12014 12014 I Monkey  :     // Injection Failed
03-25 13:30:21.846 12014 12014 I Monkey  :     // Injection Failed
03-25 13:30:21.849 12014 12014 D MonkeyStub: translateCommand: tap 560 400
03-25 13:30:21.849  2053  2137 I InputDispatcher: Dropping event because there is no touchable window or gesture monitor at (560, 400) in display 0.
03-25 13:30:21.849 12014 12014 I Monkey  :     // Injection Failed
03-25 13:30:21.850 12014 12014 I Monkey  :     // Injection Failed
03-25 13:30:21.851 12014 12014 D MonkeyStub: translateCommand: tap 560 400
03-25 13:30:21.851  2053  2137 I InputDispatcher: Dropping event because there is no touchable window or gesture monitor at (560, 400) in display 0.
03-25 13:30:21.852 12014 12014 I Monkey  :     // Injection Failed
03-25 13:30:21.853 12014 12014 I Monkey  :     // Injection Failed
03-25 13:30:21.853 12014 12014 D MonkeyStub: translateCommand: tap 560 400
03-25 13:30:21.854  2053  2137 I InputDispatcher: Dropping event because there is no touchable window or gesture monitor at (560, 400) in display 0.
03-25 13:30:21.855 12014 12014 I Monkey  :     // Injection Failed
03-25 13:30:21.855 12014 12014 I Monkey  :     // Injection Failed
03-25 13:30:21.855 12014 12014 D MonkeyStub: translateCommand: tap 560 400
03-25 13:30:21.856  2053  2137 I InputDispatcher: Dropping event because there is no touchable window or gesture monitor at (560, 400) in display 0.
03-25 13:30:21.856 12014 12014 I Monkey  :     // Injection Failed
03-25 13:30:21.855  2053  2122 I chatty  : uid=1000(system) Binder:2053_3 identical 93 lines
03-25 13:30:21.856  2053  2122 W InputManager: Input event injection from pid 12014 failed.
03-25 13:30:21.857  2053  3293 W InputManager: Input event injection from pid 12014 failed.
03-25 13:30:21.857 12014 12014 I Monkey  :     // Injection Failed
03-25 13:30:21.857 12014 12014 D MonkeyStub: translateCommand: tap 560 400
03-25 13:30:21.857  2053  2137 I InputDispatcher: Dropping event because there is no touchable window or gesture monitor at (560, 400) in display 0.
03-25 13:30:21.858 12014 12014 I Monkey  :     // Injection Failed
03-25 13:30:21.857  2053  3293 W InputManager: Input event injection from pid 12014 failed.
03-25 13:30:21.858  2053  6719 W InputManager: Input event injection from pid 12014 failed.
03-25 13:30:21.859 12014 12014 I Monkey  :     // Injection Failed
03-25 13:30:21.859 12014 12014 D MonkeyStub: translateCommand: tap 560 400
03-25 13:30:21.860  2053  2137 I InputDispatcher: Dropping event because there is no touchable window or gesture monitor at (560, 400) in display 0.
03-25 13:30:21.860 12014 12014 I Monkey  :     // Injection Failed
03-25 13:30:21.862 12014 12014 I Monkey  :     // Injection Failed
03-25 13:30:21.862 12014 12014 D MonkeyStub: translateCommand: tap 560 400
03-25 13:30:21.862  2053  2137 I InputDispatcher: Dropping event because there is no touchable window or gesture monitor at (560, 400) in display 0.
03-25 13:30:21.860  2053  6719 I chatty  : uid=1000(system) Binder:2053_1E identical 1 line
03-25 13:30:21.861  2053  6719 W InputManager: Input event injection from pid 12014 failed.
03-25 13:30:21.862  2053  3293 W InputManager: Input event injection from pid 12014 failed.
03-25 13:30:21.862 12014 12014 I Monkey  :     // Injection Failed
03-25 13:30:21.862 12014 12014 I Monkey  :     // Injection Failed
03-25 13:30:21.865 12014 12014 D MonkeyStub: translateCommand: tap 560 400
03-25 13:30:21.866  2053  2137 I InputDispatcher: Dropping event because there is no touchable window or gesture monitor at (560, 400) in display 0.
03-25 13:30:21.868 12014 12014 I Monkey  :     // Injection Failed
03-25 13:30:21.869 12014 12014 I Monkey  :     // Injection Failed
03-25 13:30:21.869 12014 12014 D MonkeyStub: translateCommand: tap 560 400
03-25 13:30:21.870  2053  2137 I InputDispatcher: Dropping event because there is no touchable window or gesture monitor at (560, 400) in display 0.
03-25 13:30:21.870 12014 12014 I Monkey  :     // Injection Failed
03-25 13:30:21.869  2053  3293 I chatty  : uid=1000(system) Binder:2053_C identical 3 lines
03-25 13:30:21.870  2053  3293 W InputManager: Input event injection from pid 12014 failed.
03-25 13:30:21.870  2053  2122 W InputManager: Input event injection from pid 12014 failed.
03-25 13:30:21.870 12014 12014 I Monkey  :     // Injection Failed
03-25 13:30:21.871 12014 12014 D MonkeyStub: translateCommand: tap 560 400
03-25 13:30:21.871  2053  2137 I InputDispatcher: Dropping event because there is no touchable window or gesture monitor at (560, 400) in display 0.
03-25 13:30:21.871 12014 12014 I Monkey  :     // Injection Failed
03-25 13:30:21.871  2053  2122 W InputManager: Input event injection from pid 12014 failed.
03-25 13:30:21.872  2053  3293 W InputManager: Input event injection from pid 12014 failed.
03-25 13:30:21.873 12014 12014 I Monkey  :     // Injection Failed
03-25 13:30:21.873 12014 12014 D MonkeyStub: translateCommand: tap 560 400
03-25 13:30:21.873  2053  2137 I InputDispatcher: Dropping event because there is no touchable window or gesture monitor at (560, 400) in display 0.
03-25 13:30:21.873  2053  2122 W InputManager: Input event injection from pid 12014 failed.
03-25 13:30:21.874 12014 12014 I Monkey  :     // Injection Failed
03-25 13:30:21.874 12014 12014 I Monkey  :     // Injection Failed
03-25 13:30:21.874 12014 12014 D MonkeyStub: translateCommand: tap 560 400
03-25 13:30:21.875  2053  2137 I InputDispatcher: Dropping event because there is no touchable window or gesture monitor at (560, 400) in display 0.
03-25 13:30:21.876 12014 12014 I Monkey  :     // Injection Failed
03-25 13:30:21.876 12014 12014 I Monkey  :     // Injection Failed
03-25 13:30:21.876 12014 12014 D MonkeyStub: translateCommand: tap 560 400
03-25 13:30:21.877  2053  2137 I InputDispatcher: Dropping event because there is no touchable window or gesture monitor at (560, 400) in display 0.
03-25 13:30:21.877 12014 12014 I Monkey  :     // Injection Failed
03-25 13:30:21.877 12014 12014 I Monkey  :     // Injection Failed
03-25 13:30:21.906 12014 12014 D MonkeyStub: translateCommand: tap 560 400
03-25 13:30:21.907  2053  2137 I InputDispatcher: Dropping event because there is no touchable window or gesture monitor at (560, 400) in display 0.
03-25 13:30:21.908 12014 12014 I Monkey  :     // Injection Failed
03-25 13:30:21.908 12014 12014 I Monkey  :     // Injection Failed
03-25 13:30:21.908 12014 12014 D MonkeyStub: translateCommand: tap 560 400
03-25 13:30:21.909  2053  2137 I InputDispatcher: Dropping event because there is no touchable window or gesture monitor at (560, 400) in display 0.
03-25 13:30:21.909 12014 12014 I Monkey  :     // Injection Failed
03-25 13:30:21.909 12014 12014 I Monkey  :     // Injection Failed
03-25 13:30:21.911 12014 12014 D MonkeyStub: translateCommand: tap 560 400
03-25 13:30:21.911  2053  2137 I InputDispatcher: Dropping event because there is no touchable window or gesture monitor at (560, 400) in display 0.
03-25 13:30:21.912 12014 12014 I Monkey  :     // Injection Failed
03-25 13:30:21.912 12014 12014 I Monkey  :     // Injection Failed
03-25 13:30:21.912 12014 12014 D MonkeyStub: translateCommand: tap 560 400
03-25 13:30:21.913  2053  2137 I InputDispatcher: Dropping event because there is no touchable window or gesture monitor at (560, 400) in display 0.
03-25 13:30:21.913 12014 12014 I Monkey  :     // Injection Failed
03-25 13:30:21.913 12014 12014 I Monkey  :     // Injection Failed
03-25 13:30:21.913 12014 12014 D MonkeyStub: translateCommand: tap 560 400
03-25 13:30:21.913  2053  2137 I InputDispatcher: Dropping event because there is no touchable window or gesture monitor at (560, 400) in display 0.
03-25 13:30:21.914 12014 12014 I Monkey  :     // Injection Failed
03-25 13:30:21.914 12014 12014 I Monkey  :     // Injection Failed
03-25 13:30:21.915 12014 12014 D MonkeyStub: translateCommand: tap 560 400
03-25 13:30:21.916  2053  2137 I InputDispatcher: Dropping event because there is no touchable window or gesture monitor at (560, 400) in display 0.
03-25 13:30:21.916 12014 12014 I Monkey  :     // Injection Failed
03-25 13:30:21.916 12014 12014 I Monkey  :     // Injection Failed
03-25 13:30:21.917 12014 12014 D MonkeyStub: translateCommand: tap 560 400
03-25 13:30:21.917  2053  2137 I InputDispatcher: Dropping event because there is no touchable window or gesture monitor at (560, 400) in display 0.
03-25 13:30:21.917 12014 12014 I Monkey  :     // Injection Failed
03-25 13:30:21.918 12014 12014 I Monkey  :     // Injection Failed
03-25 13:30:21.918 12014 12014 D MonkeyStub: translateCommand: tap 560 400
03-25 13:30:21.919  2053  2137 I InputDispatcher: Dropping event because there is no touchable window or gesture monitor at (560, 400) in display 0.
03-25 13:30:21.919 12014 12014 I Monkey  :     // Injection Failed
03-25 13:30:21.920 12014 12014 I Monkey  :     // Injection Failed
03-25 13:30:21.920 12014 12014 D MonkeyStub: translateCommand: tap 560 400
03-25 13:30:21.920  2053  2137 I InputDispatcher: Dropping event because there is no touchable window or gesture monitor at (560, 400) in display 0.
03-25 13:30:21.921 12014 12014 I Monkey  :     // Injection Failed
03-25 13:30:21.921 12014 12014 I Monkey  :     // Injection Failed
03-25 13:30:21.922 12014 12014 D MonkeyStub: translateCommand: tap 560 400
03-25 13:30:21.922  2053  2137 I InputDispatcher: Dropping event because there is no touchable window or gesture monitor at (560, 400) in display 0.
03-25 13:30:21.922 12014 12014 I Monkey  :     // Injection Failed
03-25 13:30:21.923 12014 12014 I Monkey  :     // Injection Failed
03-25 13:30:21.923 12014 12014 D MonkeyStub: translateCommand: tap 560 400
03-25 13:30:21.924  2053  2137 I InputDispatcher: Dropping event because there is no touchable window or gesture monitor at (560, 400) in display 0.
03-25 13:30:21.924 12014 12014 I Monkey  :     // Injection Failed
03-25 13:30:21.924 12014 12014 I Monkey  :     // Injection Failed
03-25 13:30:21.925 12014 12014 D MonkeyStub: translateCommand: tap 560 400
03-25 13:30:21.925  2053  2137 I InputDispatcher: Dropping event because there is no touchable window or gesture monitor at (560, 400) in display 0.
03-25 13:30:21.925 12014 12014 I Monkey  :     // Injection Failed
03-25 13:30:21.925 12014 12014 I Monkey  :     // Injection Failed
03-25 13:30:21.929 12014 12014 D MonkeyStub: translateCommand: tap 560 400
03-25 13:30:21.929  2053  2137 I InputDispatcher: Dropping event because there is no touchable window or gesture monitor at (560, 400) in display 0.
03-25 13:30:21.929 12014 12014 I Monkey  :     // Injection Failed
03-25 13:30:21.930 12014 12014 I Monkey  :     // Injection Failed
03-25 13:30:21.930 12014 12014 D MonkeyStub: translateCommand: tap 560 400
03-25 13:30:21.930  2053  2137 I InputDispatcher: Dropping event because there is no touchable window or gesture monitor at (560, 400) in display 0.
03-25 13:30:21.931 12014 12014 I Monkey  :     // Injection Failed
03-25 13:30:21.931 12014 12014 I Monkey  :     // Injection Failed
03-25 13:30:21.931 12014 12014 D MonkeyStub: translateCommand: tap 560 400
03-25 13:30:21.932  2053  2137 I InputDispatcher: Dropping event because there is no touchable window or gesture monitor at (560, 400) in display 0.
03-25 13:30:21.932 12014 12014 I Monkey  :     // Injection Failed
03-25 13:30:21.932 12014 12014 I Monkey  :     // Injection Failed
03-25 13:30:21.933 12014 12014 D MonkeyStub: translateCommand: tap 560 400
03-25 13:30:21.933  2053  2137 I InputDispatcher: Dropping event because there is no touchable window or gesture monitor at (560, 400) in display 0.
03-25 13:30:21.933 12014 12014 I Monkey  :     // Injection Failed
03-25 13:30:21.934 12014 12014 I Monkey  :     // Injection Failed
03-25 13:30:21.934 12014 12014 D MonkeyStub: translateCommand: tap 560 400
03-25 13:30:21.934  2053  2137 I InputDispatcher: Dropping event because there is no touchable window or gesture monitor at (560, 400) in display 0.
03-25 13:30:21.935 12014 12014 I Monkey  :     // Injection Failed
03-25 13:30:21.935 12014 12014 I Monkey  :     // Injection Failed
03-25 13:30:21.935 12014 12014 D MonkeyStub: translateCommand: tap 560 400
03-25 13:30:21.936  2053  2137 I InputDispatcher: Dropping event because there is no touchable window or gesture monitor at (560, 400) in display 0.
03-25 13:30:21.936 12014 12014 I Monkey  :     // Injection Failed
03-25 13:30:21.937 12014 12014 I Monkey  :     // Injection Failed
03-25 13:30:21.937 12014 12014 D MonkeyStub: translateCommand: tap 560 400
03-25 13:30:21.937  2053  2137 I InputDispatcher: Dropping event because there is no touchable window or gesture monitor at (560, 400) in display 0.
03-25 13:30:21.938 12014 12014 I Monkey  :     // Injection Failed
03-25 13:30:21.938 12014 12014 I Monkey  :     // Injection Failed
03-25 13:30:21.938 12014 12014 D MonkeyStub: translateCommand: tap 560 400
03-25 13:30:21.939  2053  2137 I InputDispatcher: Dropping event because there is no touchable window or gesture monitor at (560, 400) in display 0.
03-25 13:30:21.939 12014 12014 I Monkey  :     // Injection Failed
03-25 13:30:21.941 12014 12014 I Monkey  :     // Injection Failed
03-25 13:30:21.941 12014 12014 D MonkeyStub: translateCommand: tap 560 400
03-25 13:30:21.942  2053  2137 I InputDispatcher: Dropping event because there is no touchable window or gesture monitor at (560, 400) in display 0.
03-25 13:30:21.943 12014 12014 I Monkey  :     // Injection Failed
03-25 13:30:21.943 12014 12014 I Monkey  :     // Injection Failed
03-25 13:30:21.945 12014 12014 D MonkeyStub: translateCommand: tap 560 400
03-25 13:30:21.946  2053  2137 I InputDispatcher: Dropping event because there is no touchable window or gesture monitor at (560, 400) in display 0.
03-25 13:30:21.947 12014 12014 I Monkey  :     // Injection Failed
03-25 13:30:21.947 12014 12014 I Monkey  :     // Injection Failed
03-25 13:30:21.948 12014 12014 D MonkeyStub: translateCommand: tap 560 400
03-25 13:30:21.948  2053  2137 I InputDispatcher: Dropping event because there is no touchable window or gesture monitor at (560, 400) in display 0.
03-25 13:30:21.950 12014 12014 I Monkey  :     // Injection Failed
03-25 13:30:21.951 12014 12014 I Monkey  :     // Injection Failed
03-25 13:30:21.951 12014 12014 D MonkeyStub: translateCommand: tap 560 400
03-25 13:30:21.951  2053  2137 I InputDispatcher: Dropping event because there is no touchable window or gesture monitor at (560, 400) in display 0.
03-25 13:30:21.953 12014 12014 I Monkey  :     // Injection Failed
03-25 13:30:21.950  2053  2122 I chatty  : uid=1000(system) Binder:2053_3 identical 51 lines
03-25 13:30:21.952  2053  2122 W InputManager: Input event injection from pid 12014 failed.
03-25 13:30:21.953  2053  3293 W InputManager: Input event injection from pid 12014 failed.
03-25 13:30:21.953 12014 12014 I Monkey  :     // Injection Failed
03-25 13:30:21.953 12014 12014 D MonkeyStub: translateCommand: tap 560 400
03-25 13:30:21.954  2053  2137 I InputDispatcher: Dropping event because there is no touchable window or gesture monitor at (560, 400) in display 0.
03-25 13:30:21.956 12014 12014 I Monkey  :     // Injection Failed
03-25 13:30:21.956 12014 12014 I Monkey  :     // Injection Failed
03-25 13:30:21.957 12014 12014 D MonkeyStub: translateCommand: tap 560 400
03-25 13:30:21.958  2053  2137 I InputDispatcher: Dropping event because there is no touchable window or gesture monitor at (560, 400) in display 0.
03-25 13:30:21.958 12014 12014 I Monkey  :     // Injection Failed
03-25 13:30:21.959 12014 12014 I Monkey  :     // Injection Failed
03-25 13:30:21.959 12014 12014 D MonkeyStub: translateCommand: tap 560 400
03-25 13:30:21.959  2053  2137 I InputDispatcher: Dropping event because there is no touchable window or gesture monitor at (560, 400) in display 0.
03-25 13:30:21.959 12014 12014 I Monkey  :     // Injection Failed
03-25 13:30:21.960 12014 12014 I Monkey  :     // Injection Failed
03-25 13:30:21.961  9418  9418 I AppCompatDelegate: Failed to instantiate custom view inflater android.support.v7.app.AppCompatViewInflater. Falling back to default.
03-25 13:30:21.961  9418  9418 I AppCompatDelegate: java.lang.ClassNotFoundException: android.support.v7.app.AppCompatViewInflater
