03-25 13:30:22.300 12014 12014 D MonkeyStub: translateCommand: tap 560 400
03-25 13:30:22.301  2053  2073 W Looper  : Slow delivery took 2787093ms android.ui h=android.view.GestureDetector$GestureHandler c=null m=1
03-25 13:30:22.315  2053  2073 W Looper  : Drained
03-25 13:30:22.317  2053  2073 W Looper  : Slow delivery took 2787109ms android.ui h=android.view.GestureDetector$GestureHandler c=null m=1
03-25 13:30:22.319 12014 12014 I chatty  : uid=2000(shell) app_process identical 5 lines
03-25 13:30:22.322 12014 12014 D MonkeyStub: translateCommand: tap 560 400
03-25 13:30:22.323  9418 12107 D eglCodecCommon: setVertexArrayObject: set vao to 0 (0) 0 0
03-25 13:30:22.323  9418 12107 D EGL_emulation: eglCreateContext: 0xbaaf2da0: maj 2 min 0 rcv 2
03-25 13:30:22.325  9418 12107 D EGL_emulation: eglMakeCurrent: 0xbaaf2da0: ver 2 0 (tinfo 0xbab55e80)
03-25 13:30:22.375 12014 12014 D MonkeyStub: translateCommand: tap 560 400
03-25 13:30:22.402 12014 12014 I chatty  : uid=2000(shell) app_process identical 6 lines
03-25 13:30:22.409 12014 12014 D MonkeyStub: translateCommand: tap 560 400
03-25 13:30:22.424  9643  9873 I FontLog : Received query Google Sans:500, URI content://com.google.android.gms.fonts [CONTEXT service_id=132 ]
03-25 13:30:22.424  9643  9873 I FontLog : Query [Google Sans:500] resolved to {Google Sans, wdth 100.0, wght 500, ital 0.0, bestEffort false} [CONTEXT service_id=132 ]
03-25 13:30:22.425  9643  9873 I FontLog : Font PFD returned from cache for {Google Sans, wdth 100.0, wght 500, ital 0.0, bestEffort false} [CONTEXT service_id=132 ]
03-25 13:30:22.426 12014 12014 D MonkeyStub: translateCommand: tap 560 400
03-25 13:30:22.447 12014 12014 I chatty  : uid=2000(shell) app_process identical 7 lines
03-25 13:30:22.448 12014 12014 D MonkeyStub: translateCommand: tap 560 400
03-25 13:30:22.450  9643  9873 I FontLog : Fetch {Google Sans, wdth 100.0, wght 500, ital 0.0, bestEffort false} end status Status{statusCode=SUCCESS, resolution=null} [CONTEXT service_id=132 ]
03-25 13:30:22.450 12014 12014 D MonkeyStub: translateCommand: tap 560 400
03-25 13:30:22.454 12014 12014 I chatty  : uid=2000(shell) app_process identical 1 line
03-25 13:30:22.456 12014 12014 D MonkeyStub: translateCommand: tap 560 400
03-25 13:30:22.456  9643  9738 I FontLog : Pulling font file for id = 2, cache size = 1 [CONTEXT service_id=132 ]
03-25 13:30:22.458 12014 12014 D MonkeyStub: translateCommand: tap 560 400
03-25 13:30:22.465 12014 12014 I chatty  : uid=2000(shell) app_process identical 5 lines
03-25 13:30:22.468 12014 12014 D MonkeyStub: translateCommand: tap 560 400
03-25 13:30:22.469  9418  9430 I earchbox:searc: Background concurrent copying GC freed 65077(3330KB) AllocSpace objects, 3(140KB) LOS objects, 35% free, 10MB/16MB, paused 415us total 173.487ms
03-25 13:30:22.478 12014 12014 D MonkeyStub: translateCommand: tap 560 400
03-25 13:30:22.488  2053  6719 W NotificationService: Toast already killed. pkg=com.google.android.googlequicksearchbox callback=android.app.ITransientNotification$Stub$Proxy@438169c
03-25 13:30:22.596 12014 12014 I chatty  : uid=2000(shell) app_process identical 43 lines
03-25 13:30:22.597 12014 12014 D MonkeyStub: translateCommand: tap 560 400
03-25 13:30:22.597  9418  9418 I BgTaskExecutorImpl: Starting EXCLUSIVE background task UPDATE_SEARCHNOW_BOOTSTRAP_DATA.
03-25 13:30:22.600 12014 12014 D MonkeyStub: translateCommand: tap 560 400
03-25 13:30:22.635 12014 12014 I chatty  : uid=2000(shell) app_process identical 11 lines
03-25 13:30:22.639 12014 12014 D MonkeyStub: translateCommand: tap 560 400
03-25 13:30:22.641  9418 12107 D eglCodecCommon: setVertexArrayObject: set vao to 1 (1) 0 0
03-25 13:30:22.641 12014 12014 D MonkeyStub: translateCommand: tap 560 400
03-25 13:30:22.715 12014 12014 I chatty  : uid=2000(shell) app_process identical 51 lines
03-25 13:30:22.717 12014 12014 D MonkeyStub: translateCommand: tap 560 400
03-25 13:30:22.719  1808  2030 D AF::Track: interceptBuffer: took 1116us to intercept 0 tracks
03-25 13:30:22.723 12014 12014 D MonkeyStub: translateCommand: tap 560 400
03-25 13:30:23.022 12014 12014 I chatty  : uid=2000(shell) app_process identical 182 lines
03-25 13:30:23.026 12014 12014 D MonkeyStub: translateCommand: tap 560 400
03-25 13:30:23.027  9418 12053 I PumpkinTagger: tag(1400 stimulus)
03-25 13:30:23.029 12014 12014 D MonkeyStub: translateCommand: tap 560 400
03-25 13:30:23.039 12014 12014 I chatty  : uid=2000(shell) app_process identical 7 lines
03-25 13:30:23.040 12014 12014 D MonkeyStub: translateCommand: tap 560 400
03-25 13:30:23.041  1797  2339 E GnssHAL_GnssInterface: gnssSvStatusCb: a: input svInfo.flags is 8
03-25 13:30:23.041  1797  2339 E GnssHAL_GnssInterface: gnssSvStatusCb: b: input svInfo.flags is 8
03-25 13:30:23.043 12014 12014 D MonkeyStub: translateCommand: tap 560 400
03-25 13:30:23.051 12014 12014 I chatty  : uid=2000(shell) app_process identical 7 lines
03-25 13:30:23.052 12014 12014 D MonkeyStub: translateCommand: tap 560 400
03-25 13:30:23.120  1798  8562 D gralloc_ranchu: gralloc_alloc: Creating ashmem region of size 8298496
03-25 13:30:23.137  1682  1682 I hwservicemanager: getTransport: Cannot find entry android.hardware.graphics.mapper@3.0::IMapper/default in either framework or device manifest.
03-25 13:30:23.138 12156 12156 W Gralloc3: mapper 3.x is not supported
03-25 13:30:23.153  9643  9643 W SystemServiceRegistry: No service published for: persistent_data_block
03-25 13:30:23.156 10943 10943 D BoundBrokerSvc: onBind: Intent { act=com.google.android.gms.checkin.START pkg=com.google.android.gms }
03-25 13:30:23.156 10943 10943 D BoundBrokerSvc: Loading bound service for intent: Intent { act=com.google.android.gms.checkin.START pkg=com.google.android.gms }
03-25 13:30:23.227 12156 12156 D HostConnection: createUnique: call
03-25 13:30:23.227 12156 12156 D HostConnection: HostConnection::get() New Host Connection established 0xf7612d70, tid 12156
03-25 13:30:23.229 12156 12156 D HostConnection: HostComposition ext ANDROID_EMU_CHECKSUM_HELPER_v1 ANDROID_EMU_dma_v1 ANDROID_EMU_direct_mem ANDROID_EMU_host_composition_v1 ANDROID_EMU_host_composition_v2 ANDROID_EMU_vulkan ANDROID_EMU_deferred_vulkan_commands ANDROID_EMU_vulkan_null_optional_strings ANDROID_EMU_vulkan_create_resources_with_requirements ANDROID_EMU_YUV420_888_to_NV21 ANDROID_EMU_YUV_Cache ANDROID_EMU_async_unmap_buffer ANDROID_EMU_vulkan_free_memory_sync ANDROID_EMU_vulkan_shader_float16_int8 ANDROID_EMU_vulkan_async_queue_submit GL_OES_vertex_array_object GL_KHR_texture_compression_astc_ldr ANDROID_EMU_host_side_tracing ANDROID_EMU_async_frame_commands ANDROID_EMU_gles_max_version_2 
03-25 13:30:23.229 12156 12156 D eglCodecCommon: allocate: Ask for block of size 0x1000
03-25 13:30:23.229 12156 12156 D eglCodecCommon: allocate: ioctl allocate returned offset 0x3ff805000 size 0x2000
03-25 13:30:23.270 12156 12156 D eglCodecCommon: allocate: Ask for block of size 0x7ea000
03-25 13:30:23.271 12156 12156 D eglCodecCommon: allocate: ioctl allocate returned offset 0x3ff018000 size 0x7eb000
03-25 13:30:23.700 12014 12014 D MonkeyStub: Quit requested
03-25 13:30:23.700 12014 12014 I Monkey  : Events injected: 2024
03-25 13:30:23.702  2053  2053 V SettingsProvider: Notifying for 0: content://settings/system/accelerometer_rotation
03-25 13:30:23.704  2053  2073 W Looper  : Drained
03-25 13:30:23.704  2053  2075 W InputReader: Device has associated, but no associated display id.
03-25 13:30:23.706  2053  2053 V SettingsProvider: Notifying for 0: content://settings/system/accelerometer_rotation
03-25 13:30:23.707  2053  2075 I chatty  : uid=1000(system) android.display identical 18 lines
03-25 13:30:23.707  2053  2075 W InputReader: Device has associated, but no associated display id.
03-25 13:30:23.709 12014 12014 I Monkey  : ## Network stats: elapsed time=6985ms (0ms mobile, 0ms wifi, 6985ms not connected)
03-25 13:30:23.709 12014 12014 W Monkey  : ** System appears to have crashed at event 2024 of 2147483647 using seed 1616683289247
03-25 13:30:23.712 12014 12014 I app_process: System.exit called, status: 2024
03-25 13:30:23.712 12014 12014 I AndroidRuntime: VM exiting with result code 2024.
03-25 13:30:23.722  2053  6376 W WindowManager: removeWindowToken: Attempted to remove non-existing token: android.os.Binder@5d446e7
03-25 13:30:23.723  2053  2053 V SettingsProvider: Notifying for 0: content://settings/secure/accessibility_enabled
03-25 13:30:23.821  9643  9643 D BoundBrokerSvc: onBind: Intent { act=com.google.android.gms.icing.LIGHTWEIGHT_INDEX_SERVICE pkg=com.google.android.gms }
03-25 13:30:23.822  9643  9643 D BoundBrokerSvc: Loading bound service for intent: Intent { act=com.google.android.gms.icing.LIGHTWEIGHT_INDEX_SERVICE pkg=com.google.android.gms }
--------- beginning of main
03-25 13:30:30.042  1797  2339 E GnssHAL_GnssInterface: gnssSvStatusCb: a: input svInfo.flags is 8
03-25 13:30:30.042  1797  2339 E GnssHAL_GnssInterface: gnssSvStatusCb: b: input svInfo.flags is 8
03-25 13:30:30.295  9643  9643 D BoundBrokerSvc: onUnbind: Intent { act=com.google.android.gms.icing.LIGHTWEIGHT_INDEX_SERVICE pkg=com.google.android.gms }
03-25 13:30:30.866  9418  9559 I MicroDetectionWorker: #startMicroDetector [speakerMode: 0]
03-25 13:30:30.868  9418  9559 W ErrorReporter: reportError [type: 211, code: 393244, bug: 0]: errorCode: 393244, engine: 0
03-25 13:30:30.869  9418  9559 I MicroDetector: Keeping mic open: false
03-25 13:30:30.870  9418  9559 I MicroDetectionWorker: #onError(false)
03-25 13:30:31.042  1797  2339 E GnssHAL_GnssInterface: gnssSvStatusCb: a: input svInfo.flags is 8
03-25 13:30:31.042  1797  2339 E GnssHAL_GnssInterface: gnssSvStatusCb: b: input svInfo.flags is 8
03-25 13:30:31.402 10943 12215 E memtrack: Couldn't load memtrack module
03-25 13:30:31.403 10943 12215 W android.os.Debug: failed to get memory consumption info: -1
03-25 13:30:32.041  1797  2339 E GnssHAL_GnssInterface: gnssSvStatusCb: a: input svInfo.flags is 8
03-25 13:30:32.041  1797  2339 E GnssHAL_GnssInterface: gnssSvStatusCb: b: input svInfo.flags is 8
03-25 13:30:33.041  1797  2339 E GnssHAL_GnssInterface: gnssSvStatusCb: a: input svInfo.flags is 8
03-25 13:30:33.041  1797  2339 E GnssHAL_GnssInterface: gnssSvStatusCb: b: input svInfo.flags is 8
--------- beginning of system
03-25 13:30:33.332  2053  2053 W WindowManager: removeWindowToken: Attempted to remove non-existing token: android.os.Binder@78fc318
03-25 13:30:33.419 12220 12220 D AndroidRuntime: >>>>>> START com.android.internal.os.RuntimeInit uid 2000 <<<<<<
03-25 13:30:33.416 12220 12220 W app_process: type=1400 audit(0.0:134): avc: denied { read } for name="u:object_r:device_config_runtime_native_boot_prop:s0" dev="tmpfs" ino=8317 scontext=u:r:shell:s0 tcontext=u:object_r:device_config_runtime_native_boot_prop:s0 tclass=file permissive=0
03-25 13:30:33.416 12220 12220 I chatty  : uid=2000(shell) app_process identical 1 line
03-25 13:30:33.416 12220 12220 W app_process: type=1400 audit(0.0:136): avc: denied { read } for name="u:object_r:device_config_runtime_native_boot_prop:s0" dev="tmpfs" ino=8317 scontext=u:r:shell:s0 tcontext=u:object_r:device_config_runtime_native_boot_prop:s0 tclass=file permissive=0
03-25 13:30:33.421 12220 12220 E libc    : Access denied finding property "persist.device_config.runtime_native_boot.enable_apex_image"
03-25 13:30:33.421 12220 12220 I AndroidRuntime: Using default boot image
03-25 13:30:33.421 12220 12220 E libc    : Access denied finding property "persist.device_config.runtime_native_boot.disable_lock_profiling"
03-25 13:30:33.421 12220 12220 I AndroidRuntime: Leaving lock profiling enabled
03-25 13:30:33.421 12220 12220 E libc    : Access denied finding property "persist.device_config.runtime_native_boot.enable_generational_cc"
03-25 13:30:33.537 12220 12220 D ICU     : Time zone APEX file found: /apex/com.android.tzdata/etc/icu/icu_tzdata.dat
03-25 13:30:33.541 12220 12220 W app_process: Unexpected CPU variant for X86 using defaults: x86
03-25 13:30:33.542 12220 12220 I app_process: The ClassLoaderContext is a special shared library.
03-25 13:30:33.552 12220 12220 W app_process: JNI RegisterNativeMethods: attempt to register 0 native methods for android.media.AudioAttributes
03-25 13:30:33.555 12220 12220 D AndroidRuntime: Calling main entry com.android.commands.monkey.Monkey
03-25 13:30:33.555 12220 12220 W Monkey  : args: [--port, 12345]
03-25 13:30:33.556 12220 12220 W Monkey  :  arg: "--port"
03-25 13:30:33.556 12220 12220 W Monkey  :  arg: "12345"
03-25 13:30:33.556 12220 12220 W Monkey  : arg="--port" mCurArgData="null" mNextArg=1 argwas="--port" nextarg="12345"
03-25 13:30:33.556 12220 12220 W Monkey  : data="12345"
03-25 13:30:33.568  2053  2081 W BroadcastQueue: Skipping deliver [background] BroadcastRecord{1a0987f u-1 android.net.conn.CONNECTIVITY_CHANGE} to ReceiverList{111d04c 12220 (unknown name)/2000/u-1 remote:fa8c7d9}: process gone or crashing
03-25 13:30:33.577  1781 12234 E ResolverController: No valid NAT64 prefix (101, <unspecified>/0)
03-25 13:30:34.042  1797  2339 E GnssHAL_GnssInterface: gnssSvStatusCb: a: input svInfo.flags is 8
03-25 13:30:34.042  1797  2339 E GnssHAL_GnssInterface: gnssSvStatusCb: b: input svInfo.flags is 8
03-25 13:30:34.134  9643  9643 D BoundBrokerSvc: onUnbind: Intent { act=com.google.android.gms.icing.LIGHTWEIGHT_INDEX_SERVICE cmp=com.google.android.gms/.chimera.PersistentApiService }
03-25 13:30:35.042  1797  2339 E GnssHAL_GnssInterface: gnssSvStatusCb: a: input svInfo.flags is 8
03-25 13:30:35.042  1797  2339 E GnssHAL_GnssInterface: gnssSvStatusCb: b: input svInfo.flags is 8
03-25 13:30:35.279  2053  2053 V SettingsProvider: Notifying for 0: content://settings/secure/accessibility_enabled
03-25 13:30:35.288 12220 12220 D MonkeyStub: translateCommand: wake
03-25 13:30:35.345 12220 12220 D MonkeyStub: translateCommand: press KEYCODE_MENU
03-25 13:30:35.350 12220 12220 D MonkeyStub: translateCommand: press KEYCODE_MOVE_END
03-25 13:30:35.356 12220 12220 D MonkeyStub: translateCommand: press KEYCODE_DEL
03-25 13:30:35.362 12220 12220 I chatty  : uid=2000(shell) app_process identical 1 line
03-25 13:30:35.364 12220 12220 D MonkeyStub: translateCommand: press KEYCODE_DEL
03-25 13:30:35.365 12220 12220 D MonkeyStub: translateCommand: type 12.2
03-25 13:30:35.388  9418 12176 I IcingConfig: corpus (com.google.android.gms, apps) is added
03-25 13:30:35.389  9418 12176 W IcingConfig: corpus (com.google.android.googlequicksearchbox, suggest_query) is blacklisted
03-25 13:30:35.389  9418 12176 W IcingConfig: corpus (com.google.android.gms, contacts_contact_id) is blacklisted
03-25 13:30:35.389  9418 12176 W IcingConfig: corpus (com.google.android.googlequicksearchbox, .implicit:) is blacklisted
03-25 13:30:35.399  9418 12103 W GsaWebView: Trying to set the ListenableFuture in a ShowSearchResultResponse for an old Query
03-25 13:30:35.414 12220 12220 D MonkeyStub: translateCommand: press KEYCODE_TAB
03-25 13:30:35.419 12220 12220 D MonkeyStub: translateCommand: press KEYCODE_MOVE_END
03-25 13:30:35.419  1788  8081 W audio_hw_generic: Not supplying enough data to HAL, expected position 12530581 , only wrote 12530577
03-25 13:30:35.422 12220 12220 D MonkeyStub: translateCommand: press KEYCODE_DEL
03-25 13:30:35.432  9418 11715 W CDHeaderDataHandler: Invalid integer value "" in experiments IDs.
03-25 13:30:35.434 12220 12220 D MonkeyStub: translateCommand: type 1
03-25 13:30:35.435  9418 11715 W Fields  : Received multiple values for location_attachment_metrics, value = # com.google.common.o.oz@2cd9f816
03-25 13:30:35.435 10943 10996 I Icing   : IndexChimeraService.getServiceInterface callingPackage=com.google.android.googlequicksearchbox componentName=agsa_icing_connection serviceId=32
03-25 13:30:35.440 10943 10998 I Icing   : IndexChimeraService.getServiceInterface callingPackage=com.google.android.googlequicksearchbox componentName=agsa_icing_connection serviceId=33
03-25 13:30:35.445 12220 12220 D MonkeyStub: translateCommand: tap 560 400
03-25 13:30:35.446  2053  2073 W Looper  : Slow delivery took 2800238ms android.ui h=android.view.GestureDetector$GestureHandler c=null m=1
03-25 13:30:35.454 12220 12220 I chatty  : uid=2000(shell) app_process identical 2 lines
03-25 13:30:35.461 12220 12220 D MonkeyStub: translateCommand: tap 560 400
03-25 13:30:35.465 10943 11312 W Icing   : No valid account for uploading user actions
03-25 13:30:35.466 12220 12220 D MonkeyStub: translateCommand: tap 560 400
03-25 13:30:35.476 12220 12220 I chatty  : uid=2000(shell) app_process identical 5 lines
03-25 13:30:35.477 12220 12220 D MonkeyStub: translateCommand: tap 560 400
03-25 13:30:35.481 10943 10998 I Icing   : Query global start 0 num 10
03-25 13:30:35.483 12220 12220 D MonkeyStub: translateCommand: tap 560 400
03-25 13:30:35.483  9643  9643 D BoundBrokerSvc: onBind: Intent { act=com.google.android.gms.icing.LIGHTWEIGHT_INDEX_SERVICE cmp=com.google.android.gms/.chimera.PersistentApiService }
03-25 13:30:35.483  9643  9643 D BoundBrokerSvc: Loading bound service for intent: Intent { act=com.google.android.gms.icing.LIGHTWEIGHT_INDEX_SERVICE cmp=com.google.android.gms/.chimera.PersistentApiService }
03-25 13:30:35.486 12220 12220 D MonkeyStub: translateCommand: tap 560 400
03-25 13:30:35.535 12220 12220 I chatty  : uid=2000(shell) app_process identical 21 lines
03-25 13:30:35.537 12220 12220 D MonkeyStub: translateCommand: tap 560 400
03-25 13:30:35.537 10943 10998 I Icing   : IndexChimeraService.getServiceInterface callingPackage=com.google.android.gms componentName=null serviceId=30
03-25 13:30:35.538 12220 12220 D MonkeyStub: translateCommand: tap 560 400
03-25 13:30:35.541  2053  2073 W Looper  : Drained
03-25 13:30:35.543  2053  2073 W Looper  : Slow delivery took 2800335ms android.ui h=android.view.GestureDetector$GestureHandler c=null m=1
03-25 13:30:35.542 12220 12220 I chatty  : uid=2000(shell) app_process identical 1 line
03-25 13:30:35.545 12220 12220 D MonkeyStub: translateCommand: tap 560 400
03-25 13:30:35.546  9418 12041 I sb.r.IcingResPar: added 0 suggestions from Icing
03-25 13:30:35.548 12220 12220 D MonkeyStub: translateCommand: tap 560 400
03-25 13:30:35.559  2053  2073 W Looper  : Drained
03-25 13:30:35.555 12220 12220 I chatty  : uid=2000(shell) app_process identical 4 lines
03-25 13:30:35.558 12220 12220 D MonkeyStub: translateCommand: tap 560 400
03-25 13:30:35.561  2191  2484 D EGL_emulation: eglMakeCurrent: 0xdd71a600: ver 2 0 (tinfo 0xdd70f820)
03-25 13:30:35.561  9418  9552 D eglCodecCommon: setVertexArrayObject: set vao to 0 (0) 8 1
03-25 13:30:35.561 12220 12220 D MonkeyStub: translateCommand: tap 560 400
03-25 13:30:35.566  2191  2484 D EGL_emulation: eglMakeCurrent: 0xdd71a600: ver 2 0 (tinfo 0xdd70f820)
03-25 13:30:35.567  2053  2073 W Looper  : Slow delivery took 2800359ms android.ui h=android.view.GestureDetector$GestureHandler c=null m=1
03-25 13:30:35.570  9418  9418 W View    : couldn't find view with id 1
03-25 13:30:35.576 12220 12220 D MonkeyStub: translateCommand: tap 560 400
03-25 13:30:35.582  2053  2073 W Looper  : Drained
03-25 13:30:35.582  2053  2073 W Looper  : Slow delivery took 2800374ms android.ui h=android.view.GestureDetector$GestureHandler c=null m=1
03-25 13:30:35.581 12220 12220 D MonkeyStub: translateCommand: tap 560 400
03-25 13:30:35.584  2191  2484 D EGL_emulation: eglMakeCurrent: 0xdd71a600: ver 2 0 (tinfo 0xdd70f820)
03-25 13:30:35.585 12220 12220 D MonkeyStub: translateCommand: tap 560 400
03-25 13:30:35.589 12220 12220 D MonkeyStub: translateCommand: tap 560 400
03-25 13:30:35.590  2191  2484 D EGL_emulation: eglMakeCurrent: 0xdd71a600: ver 2 0 (tinfo 0xdd70f820)
03-25 13:30:35.597  2191  2484 I chatty  : uid=10100(com.android.systemui) RenderThread identical 1 line
03-25 13:30:35.599  2191  2484 D EGL_emulation: eglMakeCurrent: 0xdd71a600: ver 2 0 (tinfo 0xdd70f820)
03-25 13:30:35.600 12220 12220 D MonkeyStub: translateCommand: tap 560 400
03-25 13:30:35.604 12220 12220 D MonkeyStub: translateCommand: tap 560 400
03-25 13:30:35.609  2191  2484 D EGL_emulation: eglMakeCurrent: 0xdd71a600: ver 2 0 (tinfo 0xdd70f820)
03-25 13:30:35.612 12220 12220 D MonkeyStub: translateCommand: tap 560 400
03-25 13:30:35.616  2191  2484 D EGL_emulation: eglMakeCurrent: 0xdd71a600: ver 2 0 (tinfo 0xdd70f820)
03-25 13:30:35.617 12220 12220 D MonkeyStub: translateCommand: tap 560 400
03-25 13:30:35.622 12220 12220 I chatty  : uid=2000(shell) app_process identical 2 lines
03-25 13:30:35.626 12220 12220 D MonkeyStub: translateCommand: tap 560 400
03-25 13:30:35.627  9458  9458 I KeyboardViewUtil: systemKeyboardHeightRatio:1.000000; userKeyboardHeightRatio:1.000000.
03-25 13:30:35.627  9458  9458 I AndroidIME: LatinIme.onActivate() : EditorInfo = Package = com.google.android.googlequicksearchbox : Type = Text : Learning = Disable : Suggestion = Hide : AutoCorrection = Disable : Microphone = Hide : NoPersonalizedLearning = Disable
03-25 13:30:35.634  2191  2484 D EGL_emulation: eglMakeCurrent: 0xdd71a600: ver 2 0 (tinfo 0xdd70f820)
03-25 13:30:35.635  9458  9458 I Conv2QueryExtension: Current locale: en_US, config allows these locales: de,en,es,fr,it,ms,pt,ta
03-25 13:30:35.635  9458  9458 I Conv2QueryExtension: Conv2Query not enabled due to current app [com.google.android.googlequicksearchbox] not in whitelist
03-25 13:30:35.635  9458  9458 I Conv2QueryExtension: onActivate() : Disabled by unsupported host app
03-25 13:30:35.636  9458  9458 I CurrentMicStatusHolder: Current Mic status = {MicIconHidden-EditorNoMicPrivateImeOption,}
03-25 13:30:35.642 12220 12220 D MonkeyStub: translateCommand: tap 560 400
03-25 13:30:35.642  2191  2484 D EGL_emulation: eglMakeCurrent: 0xdd71a600: ver 2 0 (tinfo 0xdd70f820)
03-25 13:30:35.644  1798  8562 D gralloc_ranchu: gralloc_alloc: Creating ashmem region of size 8024064
03-25 13:30:35.647 12220 12220 D MonkeyStub: translateCommand: tap 560 400
03-25 13:30:35.647  2053  2073 W Looper  : Drained
03-25 13:30:35.650  2053  2073 W Looper  : Slow delivery took 2800442ms android.ui h=android.view.GestureDetector$GestureHandler c=null m=1
03-25 13:30:35.649 12220 12220 I chatty  : uid=2000(shell) app_process identical 1 line
03-25 13:30:35.651 12220 12220 D MonkeyStub: translateCommand: tap 560 400
03-25 13:30:35.652  1798  1982 D gralloc_ranchu: gralloc_alloc: Creating ashmem region of size 8024064
03-25 13:30:35.653 12220 12220 D MonkeyStub: translateCommand: tap 560 400
03-25 13:30:35.654  1798  8562 D gralloc_ranchu: gralloc_alloc: Creating ashmem region of size 45056
03-25 13:30:35.663  9458 10365 D EGL_emulation: eglMakeCurrent: 0xc32e72c0: ver 2 0 (tinfo 0xc33058f0)
03-25 13:30:35.664 12220 12220 D MonkeyStub: translateCommand: tap 560 400
03-25 13:30:35.673 12220 12220 D MonkeyStub: translateCommand: tap 560 400
03-25 13:30:35.673  2191  2484 D EGL_emulation: eglMakeCurrent: 0xdd71a600: ver 2 0 (tinfo 0xdd70f820)
03-25 13:30:35.678  2191  2484 D EGL_emulation: eglMakeCurrent: 0xdd71a600: ver 2 0 (tinfo 0xdd70f820)
03-25 13:30:35.681 12220 12220 D MonkeyStub: translateCommand: tap 560 400
03-25 13:30:35.682  1798  8562 D gralloc_ranchu: gralloc_alloc: Creating ashmem region of size 8024064
03-25 13:30:35.686 12220 12220 D MonkeyStub: translateCommand: tap 560 400
03-25 13:30:35.689  1798  8562 D gralloc_ranchu: gralloc_alloc: Creating ashmem region of size 45056
03-25 13:30:35.691 12220 12220 D MonkeyStub: translateCommand: tap 560 400
03-25 13:30:35.692  9418  9552 D EGL_emulation: eglMakeCurrent: 0xe58196c0: ver 2 0 (tinfo 0xe580ace0)
03-25 13:30:35.694 12220 12220 D MonkeyStub: translateCommand: tap 560 400
03-25 13:30:35.695  1798  8562 D gralloc_ranchu: gralloc_alloc: Creating ashmem region of size 45056
03-25 13:30:35.696 12220 12220 D MonkeyStub: translateCommand: tap 560 400
03-25 13:30:35.697  9418  9552 D EGL_emulation: eglMakeCurrent: 0xe58196c0: ver 2 0 (tinfo 0xe580ace0)
03-25 13:30:35.698 12220 12220 D MonkeyStub: translateCommand: tap 560 400
03-25 13:30:35.700  2191  2484 D EGL_emulation: eglMakeCurrent: 0xdd71a600: ver 2 0 (tinfo 0xdd70f820)
03-25 13:30:35.702 12220 12220 D MonkeyStub: translateCommand: tap 560 400
03-25 13:30:35.706  2053  2073 W Looper  : Drained
03-25 13:30:35.709  2053  2073 W Looper  : Slow delivery took 2800501ms android.ui h=android.view.GestureDetector$GestureHandler c=null m=1
03-25 13:30:35.704 12220 12220 I chatty  : uid=2000(shell) app_process identical 1 line
03-25 13:30:35.708 12220 12220 D MonkeyStub: translateCommand: tap 560 400
03-25 13:30:35.711  9418  9552 D EGL_emulation: eglMakeCurrent: 0xe58196c0: ver 2 0 (tinfo 0xe580ace0)
03-25 13:30:35.714 12220 12220 D MonkeyStub: translateCommand: tap 560 400
03-25 13:30:35.716  9418  9552 D EGL_emulation: eglMakeCurrent: 0xe58196c0: ver 2 0 (tinfo 0xe580ace0)
03-25 13:30:35.720 12220 12220 D MonkeyStub: translateCommand: tap 560 400
03-25 13:30:35.721  2191  2484 D EGL_emulation: eglMakeCurrent: 0xdd71a600: ver 2 0 (tinfo 0xdd70f820)
03-25 13:30:35.722 12220 12220 D MonkeyStub: translateCommand: tap 560 400
03-25 13:30:35.740 12220 12220 I chatty  : uid=2000(shell) app_process identical 2 lines
03-25 13:30:35.753 12220 12220 D MonkeyStub: translateCommand: tap 560 400
03-25 13:30:35.756  9418  9418 E ClientVe: Failed to create ClientVisualElementsProto for user interaction on view com.google.android.apps.gsa.searchbox.ui.suggestions.views.CoreSuggestionView{c6be5a2 VFE...CL. ...P.... 0,-5-1038,132 #6} because the view is not tagged for visual element logging.
03-25 13:30:35.762 12220 12220 D MonkeyStub: translateCommand: tap 560 400
03-25 13:30:35.775  2053  6376 E InputDispatcher: Window handle Window{5b8814f u0 PopupWindow:efce879} has no registered input channel
03-25 13:30:35.778 12220 12220 D MonkeyStub: translateCommand: tap 560 400
03-25 13:30:35.780  9418  9418 E ClientVe: Failed to create ClientVisualElementsProto for user interaction on view com.google.android.apps.gsa.searchbox.ui.suggestions.views.CoreSuggestionView{8c66525 VFE...CL. ...p.... 0,132-1038,269 #7} because the view is not tagged for visual element logging.
03-25 13:30:35.780 12220 12220 D MonkeyStub: translateCommand: tap 560 400
03-25 13:30:35.783  9418 11715 W ThreadPoolDumper: Queue length for executor TaskGraph-Producer is now 16. Perhaps some tasks are too long, or the pool is too small.
03-25 13:30:35.785  9418  9559 W S_WebViewRenderState: Failed to save WebView history into backstack. Not the same commit.
03-25 13:30:35.786  9418 12053 W CDHeaderDataHandler: Invalid integer value "" in experiments IDs.
03-25 13:30:35.786  9418  9418 W IInputConnectionWrapper: getTextBeforeCursor on inactive InputConnection
03-25 13:30:35.787  9418  9418 E ClientVe: Failed to create ClientVisualElementsProto for user interaction on view com.google.android.apps.gsa.searchbox.ui.suggestions.views.CoreSuggestionView{8c66525 VFE...CL. ...p.... 0,132-1038,269 #7} because the view is not tagged for visual element logging.
03-25 13:30:35.787  9418  9418 E ClientVe: Failed to create ClientVisualElementsProto for user interaction on view com.google.android.apps.gsa.searchbox.ui.suggestions.views.CoreSuggestionView{8c66525 VFE...CL. ...p.... 0,132-1038,269 #7} because the view is not tagged for visual element logging.
03-25 13:30:35.788 12220 12220 D MonkeyStub: translateCommand: tap 560 400
03-25 13:30:35.790  2053  2073 W Looper  : Drained
03-25 13:30:35.790  9643  9643 D BoundBrokerSvc: onBind: Intent { act=com.google.android.gms.icing.LIGHTWEIGHT_INDEX_SERVICE pkg=com.google.android.gms }
03-25 13:30:35.790  9643  9643 D BoundBrokerSvc: Loading bound service for intent: Intent { act=com.google.android.gms.icing.LIGHTWEIGHT_INDEX_SERVICE pkg=com.google.android.gms }
03-25 13:30:35.792  2053  6376 E InputDispatcher: Window handle Window{5b8814f u0 PopupWindow:efce879} has no registered input channel
03-25 13:30:35.793  2053  2073 W Looper  : Slow delivery took 2800584ms android.ui h=android.view.GestureDetector$GestureHandler c=null m=1
03-25 13:30:35.795 12220 12220 D MonkeyStub: translateCommand: tap 560 400
03-25 13:30:35.797  9418  9418 E ClientVe: Failed to create ClientVisualElementsProto for user interaction on view com.google.android.apps.gsa.searchbox.ui.suggestions.views.CoreSuggestionView{8c66525 VFE...CL. ...p.... 0,132-1038,269 #7} because the view is not tagged for visual element logging.
03-25 13:30:35.798  9418  9418 W IInputConnectionWrapper: getSelectedText on inactive InputConnection
03-25 13:30:35.798  9418  9418 E ClientVe: Failed to create ClientVisualElementsProto for user interaction on view com.google.android.apps.gsa.searchbox.ui.suggestions.views.CoreSuggestionView{8c66525 VFE...CL. ...P.... 0,132-1038,269 #7} because the view is not tagged for visual element logging.
03-25 13:30:35.799  9418  9418 E ClientVe: Failed to create ClientVisualElementsProto for user interaction on view com.google.android.apps.gsa.searchbox.ui.suggestions.views.CoreSuggestionView{8c66525 VFE...CL. ...P.... 0,132-1038,269 #7} because the view is not tagged for visual element logging.
03-25 13:30:35.800  9418  9559 W ThreadPoolDumper: Queue length for executor EventBus is now 11. Perhaps some tasks are too long, or the pool is too small.
03-25 13:30:35.807 12220 12220 D MonkeyStub: translateCommand: tap 560 400
03-25 13:30:35.810 12220 12220 D MonkeyStub: translateCommand: tap 560 400
03-25 13:30:35.814  9418  9418 E ClientVe: Failed to create ClientVisualElementsProto for user interaction on view com.google.android.apps.gsa.searchbox.ui.suggestions.views.CoreSuggestionView{8c66525 VFE...CL. ...p.... 0,132-1038,269 #7} because the view is not tagged for visual element logging.
03-25 13:30:35.815  9418  9559 I ForegroundSearchRunner: Search shutdown was successful
03-25 13:30:35.815  9418  9418 W IInputConnectionWrapper: getTextAfterCursor on inactive InputConnection
03-25 13:30:35.816 12220 12220 D MonkeyStub: translateCommand: tap 560 400
03-25 13:30:35.817  9458  9458 I KeyboardViewUtil: systemKeyboardHeightRatio:1.000000; userKeyboardHeightRatio:1.000000.
03-25 13:30:35.818 12220 12220 D MonkeyStub: translateCommand: tap 560 400
03-25 13:30:35.828  2053  2073 W Looper  : Drained
03-25 13:30:35.830  2053  5536 I ActivityTaskManager: START u0 {act=android.intent.action.MAIN dat=agsa:/data?type=searchnow.TYPE_SEARCHNOW&inputProto=CAQQAYgBAJABAZoBJmFuZC5nc2EubGF1bmNoZXIuaG9tZXNjcmVlbi5hcHBzc2VhcmNoogGSARKP
03-25 13:30:35.830  2053  5536 I ActivityTaskManager: ARABGP////8HIAAoBSjJuAI4AUgAUAFYAIABAKABAKgBALABAMABAMgBANABAIACAYgCAJACAJoC
03-25 13:30:35.830  2053  5536 I ActivityTaskManager: VlRoaXMgc2VhcmNoIGlzIHJlbGF0ZWQgdG8gd2hhdCB5b3XigJlyZSB0eXBpbmcgYW5kIHlvdXIg
03-25 13:30:35.830  2053  5536 I ActivityTaskManager: cHJldmlvdXMgd2ViIGFuZCBhcHAgYWN0aXZpdHku6AH///////////8B8AEA
03-25 13:30:35.830  2053  5536 I ActivityTaskManager: &id=222325182866 flg=0x1400a000 cmp=com.google.android.googlequicksearchbox/com.google.android.apps.gsa.searchnow.SearchNowActivity (has extras)} from uid 10104
03-25 13:30:35.823 12220 12220 I chatty  : uid=2000(shell) app_process identical 2 lines
03-25 13:30:35.830 12220 12220 D MonkeyStub: translateCommand: tap 560 400
03-25 13:30:35.831  2053  5536 W Binder  : Outgoing transactions from this process must be FLAG_ONEWAY
03-25 13:30:35.831  2053  5536 W Binder  : java.lang.Throwable
03-25 13:30:35.831  2053  5536 W Binder  : 	at android.os.BinderProxy.transact(BinderProxy.java:480)
03-25 13:30:35.831  2053  5536 W Binder  : 	at android.app.IActivityController$Stub$Proxy.activityStarting(IActivityController.java:273)
03-25 13:30:35.831  2053  5536 W Binder  : 	at com.android.server.wm.ActivityStarter.startActivity(ActivityStarter.java:794)
03-25 13:30:35.831  2053  5536 W Binder  : 	at com.android.server.wm.ActivityStarter.startActivity(ActivityStarter.java:583)
03-25 13:30:35.831  2053  5536 W Binder  : 	at com.android.server.wm.ActivityStarter.startActivityMayWait(ActivityStarter.java:1288)
03-25 13:30:35.831  2053  5536 W Binder  : 	at com.android.server.wm.ActivityStarter.execute(ActivityStarter.java:514)
03-25 13:30:35.831  2053  5536 W Binder  : 	at com.android.server.wm.ActivityTaskManagerService.startActivityAsUser(ActivityTaskManagerService.java:1058)
03-25 13:30:35.831  2053  5536 W Binder  : 	at com.android.server.wm.ActivityTaskManagerService.startActivityAsUser(ActivityTaskManagerService.java:1032)
03-25 13:30:35.831  2053  5536 W Binder  : 	at com.android.server.wm.ActivityTaskManagerService.startActivity(ActivityTaskManagerService.java:1009)
03-25 13:30:35.831  2053  5536 W Binder  : 	at android.app.IActivityTaskManager$Stub.onTransact(IActivityTaskManager.java:1486)
03-25 13:30:35.831  2053  5536 W Binder  : 	at android.os.Binder.execTransactInternal(Binder.java:1021)
03-25 13:30:35.831  2053  5536 W Binder  : 	at android.os.Binder.execTransact(Binder.java:994)
03-25 13:30:35.831  2053  2073 W Looper  : Slow delivery took 2800623ms android.ui h=android.view.GestureDetector$GestureHandler c=null m=1
03-25 13:30:35.832 12220 12220 D MonkeyStub: translateCommand: tap 560 400
03-25 13:30:35.838  2053  2073 W Looper  : Drained
03-25 13:30:35.836 12220 12220 I chatty  : uid=2000(shell) app_process identical 3 lines
03-25 13:30:35.837 12220 12220 D MonkeyStub: translateCommand: tap 560 400
03-25 13:30:35.840  9418  9418 E ClientVe: Failed to create ClientVisualElementsProto for user interaction on view com.google.android.apps.gsa.searchbox.ui.suggestions.views.CoreSuggestionView{8c66525 VFE...CL. ...P.... 0,132-1038,269 #7} because the view is not tagged for visual element logging.
03-25 13:30:35.840  9418  9418 E ClientVe: Failed to create ClientVisualElementsProto for user interaction on view com.google.android.apps.gsa.searchbox.ui.suggestions.views.CoreSuggestionView{8c66525 VFE...CL. ...P.... 0,132-1038,269 #7} because the view is not tagged for visual element logging.
03-25 13:30:35.841  9418  9418 W IInputConnectionWrapper: beginBatchEdit on inactive InputConnection
03-25 13:30:35.841  9418  9418 W IInputConnectionWrapper: getTextBeforeCursor on inactive InputConnection
03-25 13:30:35.841  9418  9418 E ClientVe: Failed to create ClientVisualElementsProto for user interaction on view com.google.android.apps.gsa.searchbox.ui.suggestions.views.CoreSuggestionView{8c66525 VFE...CL. ......ID 0,132-1038,269 #7} because the view is not tagged for visual element logging.
03-25 13:30:35.843  9418  9418 I chatty  : uid=10104 com.google.android.googlequicksearchbox:search identical 1 line
03-25 13:30:35.844  9418  9418 E ClientVe: Failed to create ClientVisualElementsProto for user interaction on view com.google.android.apps.gsa.searchbox.ui.suggestions.views.CoreSuggestionView{8c66525 VFE...CL. ......ID 0,132-1038,269 #7} because the view is not tagged for visual element logging.
03-25 13:30:35.844  9458  9458 I AndroidIME: LatinIme.onDeactivate()
03-25 13:30:35.844  9643  9669 W Icing   : isOptedInForAppHistory: empty Account Name encountered
03-25 13:30:35.845  9418  9418 E ClientVe: Failed to create ClientVisualElementsProto for user interaction on view com.google.android.apps.gsa.searchbox.ui.suggestions.views.CoreSuggestionView{8c66525 VFE...CL. ......ID 0,132-1038,269 #7} because the view is not tagged for visual element logging.
03-25 13:30:35.845  9418  9418 I chatty  : uid=10104 com.google.android.googlequicksearchbox:search identical 1 line
03-25 13:30:35.847  9418  9418 E ClientVe: Failed to create ClientVisualElementsProto for user interaction on view com.google.android.apps.gsa.searchbox.ui.suggestions.views.CoreSuggestionView{8c66525 VFE...CL. ......ID 0,132-1038,269 #7} because the view is not tagged for visual element logging.
03-25 13:30:35.848  9458  9458 I AndroidIME: LatinIme.onActivate() : EditorInfo = Package = com.google.android.googlequicksearchbox : Type = Text : Learning = Disable : Suggestion = Hide : AutoCorrection = Disable : Microphone = Hide : NoPersonalizedLearning = Disable
03-25 13:30:35.848 12220 12220 D MonkeyStub: translateCommand: tap 560 400
03-25 13:30:35.849  9418  9418 E ClientVe: Failed to create ClientVisualElementsProto for user interaction on view com.google.android.apps.gsa.searchbox.ui.suggestions.views.CoreSuggestionView{8c66525 VFE...CL. ...p..ID 0,132-1038,269 #7} because the view is not tagged for visual element logging.
03-25 13:30:35.851  9418  9418 I chatty  : uid=10104 com.google.android.googlequicksearchbox:search identical 2 lines
03-25 13:30:35.855  9418  9418 E ClientVe: Failed to create ClientVisualElementsProto for user interaction on view com.google.android.apps.gsa.searchbox.ui.suggestions.views.CoreSuggestionView{8c66525 VFE...CL. ...p..ID 0,132-1038,269 #7} because the view is not tagged for visual element logging.
03-25 13:30:35.856 12220 12220 D MonkeyStub: translateCommand: tap 560 400
03-25 13:30:35.857  9418  9418 W IInputConnectionWrapper: endBatchEdit on inactive InputConnection
03-25 13:30:35.857  9418  9418 W IInputConnectionWrapper: beginBatchEdit on inactive InputConnection
03-25 13:30:35.857  9418  9418 W IInputConnectionWrapper: getTextBeforeCursor on inactive InputConnection
03-25 13:30:35.857  2053  2073 W Looper  : Slow delivery took 2800649ms android.ui h=android.view.GestureDetector$GestureHandler c=null m=1
03-25 13:30:35.857  2053  2073 W Looper  : Drained
03-25 13:30:35.858  2053  6096 W InputReader: Device has associated, but no associated display id.
03-25 13:30:35.859  2053  6096 I chatty  : uid=1000(system) Binder:2053_1A identical 18 lines
03-25 13:30:35.860  2053  6096 W InputReader: Device has associated, but no associated display id.
03-25 13:30:35.860  9418  9418 E ClientVe: Failed to create ClientVisualElementsProto for user interaction on view com.google.android.apps.gsa.searchbox.ui.suggestions.views.CoreSuggestionView{8c66525 VFE...CL. ...P..ID 0,132-1038,269 #7} because the view is not tagged for visual element logging.
03-25 13:30:35.861  9418  9418 W IInputConnectionWrapper: endBatchEdit on inactive InputConnection
03-25 13:30:35.861  2053  6096 W InputReader: Device has associated, but no associated display id.
03-25 13:30:35.861  2053  6096 I chatty  : uid=1000(system) Binder:2053_1A identical 8 lines
03-25 13:30:35.861  2053  6096 W InputReader: Device has associated, but no associated display id.
03-25 13:30:35.862 12220 12220 D MonkeyStub: translateCommand: tap 560 400
03-25 13:30:35.862  2053  2073 W Looper  : Slow delivery took 2800654ms android.ui h=android.view.GestureDetector$GestureHandler c=null m=1
03-25 13:30:35.863  9643 11765 W Icing   : isOptedInForAppHistory: empty Account Name encountered
03-25 13:30:35.863  2053  6096 W InputReader: Device has associated, but no associated display id.
03-25 13:30:35.864  2053  6096 I chatty  : uid=1000(system) Binder:2053_1A identical 8 lines
03-25 13:30:35.864  2053  6096 W InputReader: Device has associated, but no associated display id.
03-25 13:30:35.865 12220 12220 D MonkeyStub: translateCommand: tap 560 400
03-25 13:30:35.867  2053  2073 W Looper  : Drained
03-25 13:30:35.868  9458  9458 I Conv2QueryExtension: Current locale: en_US, config allows these locales: de,en,es,fr,it,ms,pt,ta
03-25 13:30:35.868  9458  9458 I Conv2QueryExtension: Conv2Query not enabled due to current app [com.google.android.googlequicksearchbox] not in whitelist
03-25 13:30:35.868  9458  9458 I Conv2QueryExtension: onActivate() : Disabled by unsupported host app
03-25 13:30:35.873  9458  9458 I CurrentMicStatusHolder: Current Mic status = {MicIconHidden-EditorNoMicPrivateImeOption,}
03-25 13:30:35.880  9418  9418 E ClientVe: Failed to create ClientVisualElementsProto for user interaction on view com.google.android.apps.gsa.searchbox.ui.suggestions.views.CoreSuggestionView{8c66525 VFE...CL. ......ID 0,132-1038,269 #7} because the view is not tagged for visual element logging.
03-25 13:30:35.881  9418  9418 E ClientVe: Failed to create ClientVisualElementsProto for user interaction on view com.google.android.apps.gsa.searchbox.ui.suggestions.views.CoreSuggestionView{8c66525 VFE...CL. ......ID 0,132-1038,269 #7} because the view is not tagged for visual element logging.
03-25 13:30:35.882  9418  9418 W ActivityThread: handleWindowVisibility: no activity for token android.os.BinderProxy@cbd049
03-25 13:30:35.889  9418  9418 I AppCompatDelegate: Failed to instantiate custom view inflater android.support.v7.app.AppCompatViewInflater. Falling back to default.
03-25 13:30:35.889  9418  9418 I AppCompatDelegate: java.lang.ClassNotFoundException: android.support.v7.app.AppCompatViewInflater
03-25 13:30:35.889  9418  9418 I AppCompatDelegate: 	at java.lang.Class.classForName(Native Method)
03-25 13:30:35.889  9418  9418 I AppCompatDelegate: 	at java.lang.Class.forName(Class.java:454)
03-25 13:30:35.889  9418  9418 I AppCompatDelegate: 	at java.lang.Class.forName(Class.java:379)
03-25 13:30:35.889  9418  9418 I AppCompatDelegate: 	at android.support.v7.app.u.a(SourceFile:455)
03-25 13:30:35.889  9418  9418 I AppCompatDelegate: 	at android.support.v7.app.u.onCreateView(SourceFile:466)
03-25 13:30:35.889  9418  9418 I AppCompatDelegate: 	at android.view.LayoutInflater.tryCreateView(LayoutInflater.java:1061)
03-25 13:30:35.889  9418  9418 I AppCompatDelegate: 	at android.view.LayoutInflater.createViewFromTag(LayoutInflater.java:997)
03-25 13:30:35.889  9418  9418 I AppCompatDelegate: 	at android.view.LayoutInflater.createViewFromTag(LayoutInflater.java:961)
03-25 13:30:35.889  9418  9418 I AppCompatDelegate: 	at android.view.LayoutInflater.inflate(LayoutInflater.java:659)
03-25 13:30:35.889  9418  9418 I AppCompatDelegate: 	at android.view.LayoutInflater.inflate(LayoutInflater.java:534)
03-25 13:30:35.889  9418  9418 I AppCompatDelegate: 	at android.view.LayoutInflater.inflate(LayoutInflater.java:481)
03-25 13:30:35.889  9418  9418 I AppCompatDelegate: 	at com.android.internal.policy.DecorView.onResourcesLoaded(DecorView.java:2083)
03-25 13:30:35.889  9418  9418 I AppCompatDelegate: 	at com.android.internal.policy.PhoneWindow.generateLayout(PhoneWindow.java:2627)
03-25 13:30:35.889  9418  9418 I AppCompatDelegate: 	at com.android.internal.policy.PhoneWindow.installDecor(PhoneWindow.java:2694)
03-25 13:30:35.889  9418  9418 I AppCompatDelegate: 	at com.android.internal.policy.PhoneWindow.getDecorView(PhoneWindow.java:2094)
03-25 13:30:35.889  9418  9418 I AppCompatDelegate: 	at android.support.v7.app.u.u(SourceFile:166)
03-25 13:30:35.889  9418  9418 I AppCompatDelegate: 	at android.support.v7.app.u.c(SourceFile:102)
03-25 13:30:35.889  9418  9418 I AppCompatDelegate: 	at com.google.android.apps.gsa.searchnow.SearchNowActivity.onCreate(SourceFile:32)
03-25 13:30:35.889  9418  9418 I AppCompatDelegate: 	at android.app.Activity.performCreate(Activity.java:7802)
03-25 13:30:35.889  9418  9418 I AppCompatDelegate: 	at android.app.Activity.performCreate(Activity.java:7791)
03-25 13:30:35.889  9418  9418 I AppCompatDelegate: 	at android.app.Instrumentation.callActivityOnCreate(Instrumentation.java:1299)
03-25 13:30:35.889  9418  9418 I AppCompatDelegate: 	at android.app.ActivityThread.performLaunchActivity(ActivityThread.java:3245)
03-25 13:30:35.889  9418  9418 I AppCompatDelegate: 	at android.app.ActivityThread.handleLaunchActivity(ActivityThread.java:3409)
03-25 13:30:35.889  9418  9418 I AppCompatDelegate: 	at android.app.servertransaction.LaunchActivityItem.execute(LaunchActivityItem.java:83)
03-25 13:30:35.889  9418  9418 I AppCompatDelegate: 	at android.app.servertransaction.TransactionExecutor.executeCallbacks(TransactionExecutor.java:135)
03-25 13:30:35.889  9418  9418 I AppCompatDelegate: 	at android.app.servertransaction.TransactionExecutor.execute(TransactionExecutor.java:95)
03-25 13:30:35.889  9418  9418 I AppCompatDelegate: 	at android.app.ActivityThread$H.handleMessage(ActivityThread.java:2016)
03-25 13:30:35.889  9418  9418 I AppCompatDelegate: 	at android.os.Handler.dispatchMessage(Handler.java:107)
03-25 13:30:35.889  9418  9418 I AppCompatDelegate: 	at android.os.Looper.loop(Looper.java:214)
03-25 13:30:35.889  9418  9418 I AppCompatDelegate: 	at android.app.ActivityThread.main(ActivityThread.java:7356)
03-25 13:30:35.889  9418  9418 I AppCompatDelegate: 	at java.lang.reflect.Method.invoke(Native Method)
03-25 13:30:35.889  9418  9418 I AppCompatDelegate: 	at com.android.internal.os.RuntimeInit$MethodAndArgsCaller.run(RuntimeInit.java:492)
03-25 13:30:35.889  9418  9418 I AppCompatDelegate: 	at com.android.internal.os.ZygoteInit.main(ZygoteInit.java:930)
03-25 13:30:35.889  9418  9418 I AppCompatDelegate: Caused by: java.lang.ClassNotFoundException: android.support.v7.app.AppCompatViewInflater
03-25 13:30:35.889  9418  9418 I AppCompatDelegate: 	... 33 more
03-25 13:30:35.893  2053  2137 I InputDispatcher: Dropping event because there is no touchable window or gesture monitor at (560, 400) in display 0.
03-25 13:30:35.894  2053  6096 W InputManager: Input event injection from pid 12220 failed.
03-25 13:30:35.894 12220 12220 I Monkey  :     // Injection Failed
03-25 13:30:35.899 12220 12220 I Monkey  :     // Injection Failed
03-25 13:30:35.899 12220 12220 D MonkeyStub: translateCommand: tap 560 400
03-25 13:30:35.900  2053  2137 I InputDispatcher: Dropping event because there is no touchable window or gesture monitor at (560, 400) in display 0.
03-25 13:30:35.900 12220 12220 I Monkey  :     // Injection Failed
03-25 13:30:35.899  2053  6096 I chatty  : uid=1000(system) Binder:2053_1A identical 1 line
03-25 13:30:35.900  2053  6096 W InputManager: Input event injection from pid 12220 failed.
03-25 13:30:35.901  2053  4792 W InputManager: Input event injection from pid 12220 failed.
03-25 13:30:35.901 12220 12220 I Monkey  :     // Injection Failed
03-25 13:30:35.901 12220 12220 D MonkeyStub: translateCommand: tap 560 400
03-25 13:30:35.901  2053  2137 I InputDispatcher: Dropping event because there is no touchable window or gesture monitor at (560, 400) in display 0.
03-25 13:30:35.901 12220 12220 I Monkey  :     // Injection Failed
03-25 13:30:35.902 12220 12220 I Monkey  :     // Injection Failed
03-25 13:30:35.902  9418 12051 I PumpkinTagger: tag(1400 stimulus)
03-25 13:30:35.904 12220 12220 D MonkeyStub: translateCommand: tap 560 400
03-25 13:30:35.904  2053  2137 I InputDispatcher: Dropping event because there is no touchable window or gesture monitor at (560, 400) in display 0.
03-25 13:30:35.904 12220 12220 I Monkey  :     // Injection Failed
03-25 13:30:35.905 12220 12220 I Monkey  :     // Injection Failed
03-25 13:30:35.905 12220 12220 D MonkeyStub: translateCommand: tap 560 400
03-25 13:30:35.905  2053  2137 I InputDispatcher: Dropping event because there is no touchable window or gesture monitor at (560, 400) in display 0.
03-25 13:30:35.905 12220 12220 I Monkey  :     // Injection Failed
03-25 13:30:35.906 12220 12220 I Monkey  :     // Injection Failed
03-25 13:30:35.916  9418 12051 I PumpkinTagger: tag(1400 stimulus)
03-25 13:30:35.916 12220 12220 D MonkeyStub: translateCommand: tap 560 400
03-25 13:30:35.916  2053  2137 I InputDispatcher: Dropping event because there is no touchable window or gesture monitor at (560, 400) in display 0.
03-25 13:30:35.917 12220 12220 I Monkey  :     // Injection Failed
03-25 13:30:35.918 12220 12220 I Monkey  :     // Injection Failed
03-25 13:30:35.920 12220 12220 D MonkeyStub: translateCommand: tap 560 400
03-25 13:30:35.920  2053  2137 I InputDispatcher: Dropping event because there is no touchable window or gesture monitor at (560, 400) in display 0.
03-25 13:30:35.920 12220 12220 I Monkey  :     // Injection Failed
03-25 13:30:35.921 12220 12220 I Monkey  :     // Injection Failed
03-25 13:30:35.922 12220 12220 D MonkeyStub: translateCommand: tap 560 400
03-25 13:30:35.922  2053  2137 I InputDispatcher: Dropping event because there is no touchable window or gesture monitor at (560, 400) in display 0.
03-25 13:30:35.923 12220 12220 I Monkey  :     // Injection Failed
03-25 13:30:35.925 12220 12220 I Monkey  :     // Injection Failed
03-25 13:30:35.925 12220 12220 D MonkeyStub: translateCommand: tap 560 400
03-25 13:30:35.926  2053  2137 I InputDispatcher: Dropping event because there is no touchable window or gesture monitor at (560, 400) in display 0.
03-25 13:30:35.922  2053  4792 I chatty  : uid=1000(system) Binder:2053_12 identical 11 lines
03-25 13:30:35.923  2053  4792 W InputManager: Input event injection from pid 12220 failed.
03-25 13:30:35.926  2053  6096 W InputManager: Input event injection from pid 12220 failed.
03-25 13:30:35.926 12220 12220 I Monkey  :     // Injection Failed
03-25 13:30:35.929 12220 12220 I Monkey  :     // Injection Failed
03-25 13:30:35.930 12220 12220 D MonkeyStub: translateCommand: tap 560 400
03-25 13:30:35.930  2053  2137 I InputDispatcher: Dropping event because there is no touchable window or gesture monitor at (560, 400) in display 0.
03-25 13:30:35.930 12220 12220 I Monkey  :     // Injection Failed
03-25 13:30:35.928  2053  6096 I chatty  : uid=1000(system) Binder:2053_1A identical 1 line
03-25 13:30:35.930  2053  6096 W InputManager: Input event injection from pid 12220 failed.
03-25 13:30:35.931  2053  4792 W InputManager: Input event injection from pid 12220 failed.
03-25 13:30:35.931  9418  9418 W IInputConnectionWrapper: getTextBeforeCursor on inactive InputConnection
03-25 13:30:35.934 12220 12220 I Monkey  :     // Injection Failed
03-25 13:30:35.934 12220 12220 D MonkeyStub: translateCommand: tap 560 400
03-25 13:30:35.934  2053  2137 I InputDispatcher: Dropping event because there is no touchable window or gesture monitor at (560, 400) in display 0.
03-25 13:30:35.935  2053  6096 W InputManager: Input event injection from pid 12220 failed.
03-25 13:30:35.935 12220 12220 I Monkey  :     // Injection Failed
03-25 13:30:35.935  2053  4792 W InputManager: Input event injection from pid 12220 failed.
03-25 13:30:35.935 12220 12220 I Monkey  :     // Injection Failed
03-25 13:30:35.936 12220 12220 D MonkeyStub: translateCommand: tap 560 400
