03-25 13:30:21.522 12014 12014 D MonkeyStub: translateCommand: tap 560 400
03-25 13:30:21.522  9418  9418 E ClientVe: Failed to create ClientVisualElementsProto for user interaction on view com.google.android.apps.gsa.searchbox.ui.suggestions.views.CoreSuggestionView{e4071d8 VFE...CL. ...p..ID 0,132-1038,269 #2} because the view is not tagged for visual element logging.
03-25 13:30:21.523  9418  9418 E ClientVe: Failed to create ClientVisualElementsProto for user interaction on view com.google.android.apps.gsa.searchbox.ui.suggestions.views.CoreSuggestionView{e4071d8 VFE...CL. ...P..ID 0,132-1038,269 #2} because the view is not tagged for visual element logging.
03-25 13:30:21.524 12014 12014 D MonkeyStub: translateCommand: tap 560 400
03-25 13:30:21.524  9418  9418 E ClientVe: Failed to create ClientVisualElementsProto for user interaction on view com.google.android.apps.gsa.searchbox.ui.suggestions.views.CoreSuggestionView{e4071d8 VFE...CL. ...P..ID 0,132-1038,269 #2} because the view is not tagged for visual element logging.
03-25 13:30:21.526  9418  9418 E ClientVe: Failed to create ClientVisualElementsProto for user interaction on view com.google.android.apps.gsa.searchbox.ui.suggestions.views.CoreSuggestionView{e4071d8 VFE...CL. ...p..ID 0,132-1038,269 #2} because the view is not tagged for visual element logging.
03-25 13:30:21.526 12014 12014 D MonkeyStub: translateCommand: tap 560 400
03-25 13:30:21.527  9418  9418 E ClientVe: Failed to create ClientVisualElementsProto for user interaction on view com.google.android.apps.gsa.searchbox.ui.suggestions.views.CoreSuggestionView{e4071d8 VFE...CL. ...P..ID 0,132-1038,269 #2} because the view is not tagged for visual element logging.
03-25 13:30:21.527 12014 12014 D MonkeyStub: translateCommand: tap 560 400
03-25 13:30:21.528  9418  9418 E ClientVe: Failed to create ClientVisualElementsProto for user interaction on view com.google.android.apps.gsa.searchbox.ui.suggestions.views.CoreSuggestionView{e4071d8 VFE...CL. ...p..ID 0,132-1038,269 #2} because the view is not tagged for visual element logging.
03-25 13:30:21.529 12014 12014 D MonkeyStub: translateCommand: tap 560 400
03-25 13:30:21.529  9418  9418 E ClientVe: Failed to create ClientVisualElementsProto for user interaction on view com.google.android.apps.gsa.searchbox.ui.suggestions.views.CoreSuggestionView{e4071d8 VFE...CL. ...p..ID 0,132-1038,269 #2} because the view is not tagged for visual element logging.
03-25 13:30:21.530 12014 12014 D MonkeyStub: translateCommand: tap 560 400
03-25 13:30:21.531  9418  9418 E ClientVe: Failed to create ClientVisualElementsProto for user interaction on view com.google.android.apps.gsa.searchbox.ui.suggestions.views.CoreSuggestionView{e4071d8 VFE...CL. ...P..ID 0,132-1038,269 #2} because the view is not tagged for visual element logging.
03-25 13:30:21.531 12014 12014 D MonkeyStub: translateCommand: tap 560 400
03-25 13:30:21.533  9418  9418 E ClientVe: Failed to create ClientVisualElementsProto for user interaction on view com.google.android.apps.gsa.searchbox.ui.suggestions.views.CoreSuggestionView{e4071d8 VFE...CL. ...p..ID 0,132-1038,269 #2} because the view is not tagged for visual element logging.
03-25 13:30:21.533 12014 12014 D MonkeyStub: translateCommand: tap 560 400
03-25 13:30:21.534 12014 12014 D MonkeyStub: translateCommand: tap 560 400
03-25 13:30:21.534  9418  9418 E ClientVe: Failed to create ClientVisualElementsProto for user interaction on view com.google.android.apps.gsa.searchbox.ui.suggestions.views.CoreSuggestionView{e4071d8 VFE...CL. ...p..ID 0,132-1038,269 #2} because the view is not tagged for visual element logging.
03-25 13:30:21.535 12014 12014 D MonkeyStub: translateCommand: tap 560 400
03-25 13:30:21.536  9418  9418 E ClientVe: Failed to create ClientVisualElementsProto for user interaction on view com.google.android.apps.gsa.searchbox.ui.suggestions.views.CoreSuggestionView{e4071d8 VFE...CL. ...P..ID 0,132-1038,269 #2} because the view is not tagged for visual element logging.
03-25 13:30:21.537 12014 12014 D MonkeyStub: translateCommand: tap 560 400
03-25 13:30:21.537  9418  9418 E ClientVe: Failed to create ClientVisualElementsProto for user interaction on view com.google.android.apps.gsa.searchbox.ui.suggestions.views.CoreSuggestionView{e4071d8 VFE...CL. ...P..ID 0,132-1038,269 #2} because the view is not tagged for visual element logging.
03-25 13:30:21.538 12014 12014 D MonkeyStub: translateCommand: tap 560 400
03-25 13:30:21.538  9418  9418 E ClientVe: Failed to create ClientVisualElementsProto for user interaction on view com.google.android.apps.gsa.searchbox.ui.suggestions.views.CoreSuggestionView{e4071d8 VFE...CL. ...p..ID 0,132-1038,269 #2} because the view is not tagged for visual element logging.
03-25 13:30:21.540 12014 12014 D MonkeyStub: translateCommand: tap 560 400
03-25 13:30:21.540  9418  9418 E ClientVe: Failed to create ClientVisualElementsProto for user interaction on view com.google.android.apps.gsa.searchbox.ui.suggestions.views.CoreSuggestionView{e4071d8 VFE...CL. ...p..ID 0,132-1038,269 #2} because the view is not tagged for visual element logging.
03-25 13:30:21.541 12014 12014 D MonkeyStub: translateCommand: tap 560 400
03-25 13:30:21.541  9418  9418 E ClientVe: Failed to create ClientVisualElementsProto for user interaction on view com.google.android.apps.gsa.searchbox.ui.suggestions.views.CoreSuggestionView{e4071d8 VFE...CL. ...p..ID 0,132-1038,269 #2} because the view is not tagged for visual element logging.
03-25 13:30:21.542  9418  9418 E ClientVe: Failed to create ClientVisualElementsProto for user interaction on view com.google.android.apps.gsa.searchbox.ui.suggestions.views.CoreSuggestionView{e4071d8 VFE...CL. ...P..ID 0,132-1038,269 #2} because the view is not tagged for visual element logging.
03-25 13:30:21.552  2053  2073 W Looper  : Drained
03-25 13:30:21.550  9418  9418 I chatty  : uid=10104 com.google.android.googlequicksearchbox:search identical 7 lines
03-25 13:30:21.553  9418  9418 E ClientVe: Failed to create ClientVisualElementsProto for user interaction on view com.google.android.apps.gsa.searchbox.ui.suggestions.views.CoreSuggestionView{e4071d8 VFE...CL. ...P..ID 0,132-1038,269 #2} because the view is not tagged for visual element logging.
03-25 13:30:21.554 12014 12014 D MonkeyStub: translateCommand: tap 560 400
03-25 13:30:21.555  2053  2073 W Looper  : Slow delivery took 2786347ms android.ui h=android.view.GestureDetector$GestureHandler c=null m=1
03-25 13:30:21.556 12014 12014 D MonkeyStub: translateCommand: tap 560 400
03-25 13:30:21.556  9418  9418 E ClientVe: Failed to create ClientVisualElementsProto for user interaction on view com.google.android.apps.gsa.searchbox.ui.suggestions.views.CoreSuggestionView{e4071d8 VFE...CL. ...P..ID 0,132-1038,269 #2} because the view is not tagged for visual element logging.
03-25 13:30:21.558  9418  9418 E ClientVe: Failed to create ClientVisualElementsProto for user interaction on view com.google.android.apps.gsa.searchbox.ui.suggestions.views.CoreSuggestionView{e4071d8 VFE...CL. ...p..ID 0,132-1038,269 #2} because the view is not tagged for visual element logging.
03-25 13:30:21.562  2053  3293 I ActivityTaskManager: START u0 {act=android.intent.action.MAIN dat=agsa:/data?type=searchnow.TYPE_SEARCHNOW&inputProto=CAQQAYgBAJABAZoBJmFuZC5nc2EubGF1bmNoZXIuaG9tZXNjcmVlbi5hcHBzc2VhcmNoogGSARKP
03-25 13:30:21.562  2053  3293 I ActivityTaskManager: ARABGP////8HIAAoBSjJuAI4AUgAUAFYAIABAKABAKgBALABAMABAMgBANABAIACAYgCAJACAJoC
03-25 13:30:21.562  2053  3293 I ActivityTaskManager: VlRoaXMgc2VhcmNoIGlzIHJlbGF0ZWQgdG8gd2hhdCB5b3XigJlyZSB0eXBpbmcgYW5kIHlvdXIg
03-25 13:30:21.562  2053  3293 I ActivityTaskManager: cHJldmlvdXMgd2ViIGFuZCBhcHAgYWN0aXZpdHku6AH///////////8B8AEA
03-25 13:30:21.562  2053  3293 I ActivityTaskManager: &id=222325182854 flg=0x1400a000 cmp=com.google.android.googlequicksearchbox/com.google.android.apps.gsa.searchnow.SearchNowActivity (has extras)} from uid 10104
03-25 13:30:21.559  9418  9418 E ClientVe: Failed to create ClientVisualElementsProto for user interaction on view com.google.android.apps.gsa.searchbox.ui.suggestions.views.CoreSuggestionView{e4071d8 VFE...CL. ...p..ID 0,132-1038,269 #2} because the view is not tagged for visual element logging.
03-25 13:30:21.562  2053  3293 W Binder  : Outgoing transactions from this process must be FLAG_ONEWAY
03-25 13:30:21.562  2053  3293 W Binder  : java.lang.Throwable
03-25 13:30:21.562  2053  3293 W Binder  : 	at android.os.BinderProxy.transact(BinderProxy.java:480)
03-25 13:30:21.562  2053  3293 W Binder  : 	at android.app.IActivityController$Stub$Proxy.activityStarting(IActivityController.java:273)
03-25 13:30:21.562  2053  3293 W Binder  : 	at com.android.server.wm.ActivityStarter.startActivity(ActivityStarter.java:794)
03-25 13:30:21.562  2053  3293 W Binder  : 	at com.android.server.wm.ActivityStarter.startActivity(ActivityStarter.java:583)
03-25 13:30:21.562  2053  3293 W Binder  : 	at com.android.server.wm.ActivityStarter.startActivityMayWait(ActivityStarter.java:1288)
03-25 13:30:21.562  2053  3293 W Binder  : 	at com.android.server.wm.ActivityStarter.execute(ActivityStarter.java:514)
03-25 13:30:21.562  2053  3293 W Binder  : 	at com.android.server.wm.ActivityTaskManagerService.startActivityAsUser(ActivityTaskManagerService.java:1058)
03-25 13:30:21.562  2053  3293 W Binder  : 	at com.android.server.wm.ActivityTaskManagerService.startActivityAsUser(ActivityTaskManagerService.java:1032)
03-25 13:30:21.562  2053  3293 W Binder  : 	at com.android.server.wm.ActivityTaskManagerService.startActivity(ActivityTaskManagerService.java:1009)
03-25 13:30:21.562  2053  3293 W Binder  : 	at android.app.IActivityTaskManager$Stub.onTransact(IActivityTaskManager.java:1486)
03-25 13:30:21.562  2053  3293 W Binder  : 	at android.os.Binder.execTransactInternal(Binder.java:1021)
03-25 13:30:21.562  2053  3293 W Binder  : 	at android.os.Binder.execTransact(Binder.java:994)
03-25 13:30:21.563 12014 12014 D MonkeyStub: translateCommand: tap 560 400
03-25 13:30:21.570  2053  2073 W Looper  : Drained
03-25 13:30:21.574  2053  2073 W Looper  : Slow delivery took 2786366ms android.ui h=android.view.GestureDetector$GestureHandler c=null m=1
03-25 13:30:21.575  2053  2073 W Looper  : Drained
03-25 13:30:21.570 12014 12014 I chatty  : uid=2000(shell) app_process identical 4 lines
03-25 13:30:21.572 12014 12014 D MonkeyStub: translateCommand: tap 560 400
03-25 13:30:21.575  2053  6719 W InputReader: Device has associated, but no associated display id.
03-25 13:30:21.575  2053  6719 I chatty  : uid=1000(system) Binder:2053_1E identical 28 lines
03-25 13:30:21.575  2053  6719 W InputReader: Device has associated, but no associated display id.
03-25 13:30:21.576  9418  9418 E ClientVe: Failed to create ClientVisualElementsProto for user interaction on view com.google.android.apps.gsa.searchbox.ui.suggestions.views.CoreSuggestionView{e4071d8 VFE...CL. ...p..ID 0,132-1038,269 #2} because the view is not tagged for visual element logging.
03-25 13:30:21.577  2053  6719 W InputReader: Device has associated, but no associated display id.
03-25 13:30:21.577  2053  6719 I chatty  : uid=1000(system) Binder:2053_1E identical 8 lines
03-25 13:30:21.577  2053  6719 W InputReader: Device has associated, but no associated display id.
03-25 13:30:21.577  9418  9418 E ClientVe: Failed to create ClientVisualElementsProto for user interaction on view com.google.android.apps.gsa.searchbox.ui.suggestions.views.CoreSuggestionView{e4071d8 VFE...CL. ...p..ID 0,132-1038,269 #2} because the view is not tagged for visual element logging.
03-25 13:30:21.578  9418  9418 E ClientVe: Failed to create ClientVisualElementsProto for user interaction on view com.google.android.apps.gsa.searchbox.ui.suggestions.views.CoreSuggestionView{e4071d8 VFE...CL. ...p..ID 0,132-1038,269 #2} because the view is not tagged for visual element logging.
03-25 13:30:21.584 12014 12014 D MonkeyStub: translateCommand: tap 560 400
03-25 13:30:21.585  2053  2073 W Looper  : Slow delivery took 2786376ms android.ui h=android.view.GestureDetector$GestureHandler c=null m=1
03-25 13:30:21.585  2053  2073 W Looper  : Drained
03-25 13:30:21.586 12014 12014 D MonkeyStub: translateCommand: tap 560 400
03-25 13:30:21.588  9418  9418 E ClientVe: Failed to create ClientVisualElementsProto for user interaction on view com.google.android.apps.gsa.searchbox.ui.suggestions.views.CoreSuggestionView{e4071d8 VFE...CL. ...P..ID 0,132-1038,269 #2} because the view is not tagged for visual element logging.
03-25 13:30:21.589  2053  2073 W Looper  : Slow delivery took 2786380ms android.ui h=android.view.GestureDetector$GestureHandler c=null m=1
03-25 13:30:21.590  9418  9418 E ClientVe: Failed to create ClientVisualElementsProto for user interaction on view com.google.android.apps.gsa.searchbox.ui.suggestions.views.CoreSuggestionView{e4071d8 VFE...CL. ...p..ID 0,132-1038,269 #2} because the view is not tagged for visual element logging.
03-25 13:30:21.603  9418  9418 I chatty  : uid=10104 com.google.android.googlequicksearchbox:search identical 13 lines
03-25 13:30:21.605  9418  9418 E ClientVe: Failed to create ClientVisualElementsProto for user interaction on view com.google.android.apps.gsa.searchbox.ui.suggestions.views.CoreSuggestionView{e4071d8 VFE...CL. ...p..ID 0,132-1038,269 #2} because the view is not tagged for visual element logging.
03-25 13:30:21.607  9418  9418 E ClientVe: Failed to create ClientVisualElementsProto for user interaction on view com.google.android.apps.gsa.searchbox.ui.suggestions.views.CoreSuggestionView{e4071d8 VFE...CL. ......ID 0,132-1038,269 #2} because the view is not tagged for visual element logging.
03-25 13:30:21.607  1782  1782 D Zygote  : Forked child process 12120
03-25 13:30:21.608  9418  9418 E ClientVe: Failed to create ClientVisualElementsProto for user interaction on view com.google.android.apps.gsa.searchbox.ui.suggestions.views.CoreSuggestionView{e4071d8 VFE...CL. ......ID 0,132-1038,269 #2} because the view is not tagged for visual element logging.
03-25 13:30:21.608  2053  2122 W InputManager: Input event injection from pid 12014 failed.
03-25 13:30:21.609 12014 12014 I Monkey  :     // Injection Failed
03-25 13:30:21.609 12014 12014 D MonkeyStub: translateCommand: tap 560 400
03-25 13:30:21.609  9418  9418 E ClientVe: Failed to create ClientVisualElementsProto for user interaction on view com.google.android.apps.gsa.searchbox.ui.suggestions.views.CoreSuggestionView{e4071d8 VFE...CL. ......ID 0,132-1038,269 #2} because the view is not tagged for visual element logging.
03-25 13:30:21.610  2053  2137 I InputDispatcher: Dropping event because there is no touchable window or gesture monitor at (560, 400) in display 0.
03-25 13:30:21.611  9418  9418 E ClientVe: Failed to create ClientVisualElementsProto for user interaction on view com.google.android.apps.gsa.searchbox.ui.suggestions.views.CoreSuggestionView{e4071d8 VFE...CL. ......ID 0,132-1038,269 #2} because the view is not tagged for visual element logging.
03-25 13:30:21.611 12014 12014 I Monkey  :     // Injection Failed
03-25 13:30:21.611  2053  2122 W InputManager: Input event injection from pid 12014 failed.
03-25 13:30:21.611  2053  3293 W InputManager: Input event injection from pid 12014 failed.
03-25 13:30:21.612 12014 12014 I Monkey  :     // Injection Failed
03-25 13:30:21.612 12014 12014 D MonkeyStub: translateCommand: tap 560 400
03-25 13:30:21.612  9418  9418 E ClientVe: Failed to create ClientVisualElementsProto for user interaction on view com.google.android.apps.gsa.searchbox.ui.suggestions.views.CoreSuggestionView{e4071d8 VFE...CL. ......ID 0,132-1038,269 #2} because the view is not tagged for visual element logging.
03-25 13:30:21.612  2053  2137 I InputDispatcher: Dropping event because there is no touchable window or gesture monitor at (560, 400) in display 0.
03-25 13:30:21.613  2053  6376 W InputManager: Input event injection from pid 12014 failed.
03-25 13:30:21.613 12014 12014 I Monkey  :     // Injection Failed
03-25 13:30:21.613  9418  9418 E ClientVe: Failed to create ClientVisualElementsProto for user interaction on view com.google.android.apps.gsa.searchbox.ui.suggestions.views.CoreSuggestionView{e4071d8 VFE...CL. ......ID 0,132-1038,269 #2} because the view is not tagged for visual element logging.
03-25 13:30:21.614  2053  2082 I ActivityManager: Start proc 12120:com.google.process.gapps/u0a97 for content provider {com.google.android.gsf/com.google.android.gsf.settings.GoogleSettingsProvider}
03-25 13:30:21.614  2053  3293 W InputManager: Input event injection from pid 12014 failed.
03-25 13:30:21.614 12014 12014 I Monkey  :     // Injection Failed
03-25 13:30:21.614  9418  9418 E ClientVe: Failed to create ClientVisualElementsProto for user interaction on view com.google.android.apps.gsa.searchbox.ui.suggestions.views.CoreSuggestionView{e4071d8 VFE...CL. ......ID 0,132-1038,269 #2} because the view is not tagged for visual element logging.
03-25 13:30:21.614 12014 12014 D MonkeyStub: translateCommand: tap 560 400
03-25 13:30:21.614  2053  2137 I InputDispatcher: Dropping event because there is no touchable window or gesture monitor at (560, 400) in display 0.
03-25 13:30:21.615 12014 12014 I Monkey  :     // Injection Failed
03-25 13:30:21.615  9418  9418 E ClientVe: Failed to create ClientVisualElementsProto for user interaction on view com.google.android.apps.gsa.searchbox.ui.suggestions.views.CoreSuggestionView{e4071d8 VFE...CL. ......ID 0,132-1038,269 #2} because the view is not tagged for visual element logging.
03-25 13:30:21.615  2053  3293 W InputManager: Input event injection from pid 12014 failed.
03-25 13:30:21.615  2053  2122 W InputManager: Input event injection from pid 12014 failed.
03-25 13:30:21.615 12014 12014 I Monkey  :     // Injection Failed
03-25 13:30:21.616 12014 12014 D MonkeyStub: translateCommand: tap 560 400
03-25 13:30:21.616  9418  9418 E ClientVe: Failed to create ClientVisualElementsProto for user interaction on view com.google.android.apps.gsa.searchbox.ui.suggestions.views.CoreSuggestionView{e4071d8 VFE...CL. ......ID 0,132-1038,269 #2} because the view is not tagged for visual element logging.
03-25 13:30:21.617  2053  2137 I InputDispatcher: Dropping event because there is no touchable window or gesture monitor at (560, 400) in display 0.
03-25 13:30:21.617 12014 12014 I Monkey  :     // Injection Failed
03-25 13:30:21.617  9418  9418 E ClientVe: Failed to create ClientVisualElementsProto for user interaction on view com.google.android.apps.gsa.searchbox.ui.suggestions.views.CoreSuggestionView{e4071d8 VFE...CL. ......ID 0,132-1038,269 #2} because the view is not tagged for visual element logging.
03-25 13:30:21.618 12014 12014 I Monkey  :     // Injection Failed
03-25 13:30:21.618 12014 12014 D MonkeyStub: translateCommand: tap 560 400
03-25 13:30:21.618  2053  2137 I InputDispatcher: Dropping event because there is no touchable window or gesture monitor at (560, 400) in display 0.
03-25 13:30:21.617  2053  2122 I chatty  : uid=1000(system) Binder:2053_3 identical 1 line
03-25 13:30:21.618  2053  2122 W InputManager: Input event injection from pid 12014 failed.
03-25 13:30:21.618  2053  3293 W InputManager: Input event injection from pid 12014 failed.
03-25 13:30:21.618 12014 12014 I Monkey  :     // Injection Failed
03-25 13:30:21.619  2053  2122 W InputManager: Input event injection from pid 12014 failed.
03-25 13:30:21.619  9418  9418 E ClientVe: Failed to create ClientVisualElementsProto for user interaction on view com.google.android.apps.gsa.searchbox.ui.suggestions.views.CoreSuggestionView{e4071d8 VFE...CL. ......ID 0,132-1038,269 #2} because the view is not tagged for visual element logging.
03-25 13:30:21.619 12014 12014 I Monkey  :     // Injection Failed
03-25 13:30:21.620 12014 12014 D MonkeyStub: translateCommand: tap 560 400
03-25 13:30:21.620  9418  9418 E ClientVe: Failed to create ClientVisualElementsProto for user interaction on view com.google.android.apps.gsa.searchbox.ui.suggestions.views.CoreSuggestionView{e4071d8 VFE...CL. ......ID 0,132-1038,269 #2} because the view is not tagged for visual element logging.
03-25 13:30:21.620  2053  2137 I InputDispatcher: Dropping event because there is no touchable window or gesture monitor at (560, 400) in display 0.
03-25 13:30:21.622  9418  9418 E ClientVe: Failed to create ClientVisualElementsProto for user interaction on view com.google.android.apps.gsa.searchbox.ui.suggestions.views.CoreSuggestionView{e4071d8 VFE...CL. ......ID 0,132-1038,269 #2} because the view is not tagged for visual element logging.
03-25 13:30:21.621 12120 12120 W e.process.gapp: Unexpected CPU variant for X86 using defaults: x86
03-25 13:30:21.623  9418  9418 E ClientVe: Failed to create ClientVisualElementsProto for user interaction on view com.google.android.apps.gsa.searchbox.ui.suggestions.views.CoreSuggestionView{e4071d8 VFE...CL. ......ID 0,132-1038,269 #2} because the view is not tagged for visual element logging.
03-25 13:30:21.624  9418  9418 E ClientVe: Failed to create ClientVisualElementsProto for user interaction on view com.google.android.apps.gsa.searchbox.ui.suggestions.views.CoreSuggestionView{e4071d8 VFE...CL. ......ID 0,132-1038,269 #2} because the view is not tagged for visual element logging.
03-25 13:30:21.624 12014 12014 I Monkey  :     // Injection Failed
03-25 13:30:21.626  9418  9418 E ClientVe: Failed to create ClientVisualElementsProto for user interaction on view com.google.android.apps.gsa.searchbox.ui.suggestions.views.CoreSuggestionView{e4071d8 VFE...CL. ......ID 0,132-1038,269 #2} because the view is not tagged for visual element logging.
03-25 13:30:21.629  9418  9418 I chatty  : uid=10104 com.google.android.googlequicksearchbox:search identical 3 lines
03-25 13:30:21.630  9418  9418 E ClientVe: Failed to create ClientVisualElementsProto for user interaction on view com.google.android.apps.gsa.searchbox.ui.suggestions.views.CoreSuggestionView{e4071d8 VFE...CL. ......ID 0,132-1038,269 #2} because the view is not tagged for visual element logging.
03-25 13:30:21.630 12014 12014 I Monkey  :     // Injection Failed
03-25 13:30:21.630 12014 12014 D MonkeyStub: translateCommand: tap 560 400
03-25 13:30:21.631  2053  2137 I InputDispatcher: Dropping event because there is no touchable window or gesture monitor at (560, 400) in display 0.
03-25 13:30:21.631  9418  9418 E ClientVe: Failed to create ClientVisualElementsProto for user interaction on view com.google.android.apps.gsa.searchbox.ui.suggestions.views.CoreSuggestionView{e4071d8 VFE...CL. ......ID 0,132-1038,269 #2} because the view is not tagged for visual element logging.
03-25 13:30:21.631 12014 12014 I Monkey  :     // Injection Failed
03-25 13:30:21.628  2053  2122 I chatty  : uid=1000(system) Binder:2053_3 identical 2 lines
03-25 13:30:21.631  2053  2122 W InputManager: Input event injection from pid 12014 failed.
03-25 13:30:21.631  2053  3293 W InputManager: Input event injection from pid 12014 failed.
03-25 13:30:21.632  9418  9418 E ClientVe: Failed to create ClientVisualElementsProto for user interaction on view com.google.android.apps.gsa.searchbox.ui.suggestions.views.CoreSuggestionView{e4071d8 VFE...CL. ......ID 0,132-1038,269 #2} because the view is not tagged for visual element logging.
03-25 13:30:21.632 12014 12014 I Monkey  :     // Injection Failed
03-25 13:30:21.632 12014 12014 D MonkeyStub: translateCommand: tap 560 400
03-25 13:30:21.633  2053  2137 I InputDispatcher: Dropping event because there is no touchable window or gesture monitor at (560, 400) in display 0.
03-25 13:30:21.633  2053  2122 W InputManager: Input event injection from pid 12014 failed.
03-25 13:30:21.633  9418  9418 E ClientVe: Failed to create ClientVisualElementsProto for user interaction on view com.google.android.apps.gsa.searchbox.ui.suggestions.views.CoreSuggestionView{e4071d8 VFE...CL. ......ID 0,132-1038,269 #2} because the view is not tagged for visual element logging.
03-25 13:30:21.634 12014 12014 I Monkey  :     // Injection Failed
03-25 13:30:21.634  9418  9418 E ClientVe: Failed to create ClientVisualElementsProto for user interaction on view com.google.android.apps.gsa.searchbox.ui.suggestions.views.CoreSuggestionView{e4071d8 VFE...CL. ......ID 0,132-1038,269 #2} because the view is not tagged for visual element logging.
03-25 13:30:21.635 12014 12014 I Monkey  :     // Injection Failed
03-25 13:30:21.635 12014 12014 D MonkeyStub: translateCommand: tap 560 400
03-25 13:30:21.635  2053  2137 I InputDispatcher: Dropping event because there is no touchable window or gesture monitor at (560, 400) in display 0.
03-25 13:30:21.635  2053  2122 W InputManager: Input event injection from pid 12014 failed.
03-25 13:30:21.635  2053  5802 W InputManager: Input event injection from pid 12014 failed.
03-25 13:30:21.636  9418  9418 E ClientVe: Failed to create ClientVisualElementsProto for user interaction on view com.google.android.apps.gsa.searchbox.ui.suggestions.views.CoreSuggestionView{e4071d8 VFE...CL. ......ID 0,132-1038,269 #2} because the view is not tagged for visual element logging.
03-25 13:30:21.636 12014 12014 I Monkey  :     // Injection Failed
03-25 13:30:21.636  2053  3293 W InputManager: Input event injection from pid 12014 failed.
03-25 13:30:21.637  9418  9418 E ClientVe: Failed to create ClientVisualElementsProto for user interaction on view com.google.android.apps.gsa.searchbox.ui.suggestions.views.CoreSuggestionView{e4071d8 VFE...CL. ......ID 0,132-1038,269 #2} because the view is not tagged for visual element logging.
03-25 13:30:21.637 12014 12014 I Monkey  :     // Injection Failed
03-25 13:30:21.638 12014 12014 D MonkeyStub: translateCommand: tap 560 400
03-25 13:30:21.638  9418  9418 E ClientVe: Failed to create ClientVisualElementsProto for user interaction on view com.google.android.apps.gsa.searchbox.ui.suggestions.views.CoreSuggestionView{e4071d8 VFE...CL. ......ID 0,132-1038,269 #2} because the view is not tagged for visual element logging.
03-25 13:30:21.638  2053  2137 I InputDispatcher: Dropping event because there is no touchable window or gesture monitor at (560, 400) in display 0.
03-25 13:30:21.639 12014 12014 I Monkey  :     // Injection Failed
03-25 13:30:21.640 12014 12014 I Monkey  :     // Injection Failed
03-25 13:30:21.640  9418  9418 E ClientVe: Failed to create ClientVisualElementsProto for user interaction on view com.google.android.apps.gsa.searchbox.ui.suggestions.views.CoreSuggestionView{e4071d8 VFE...CL. ......ID 0,132-1038,269 #2} because the view is not tagged for visual element logging.
03-25 13:30:21.641 12014 12014 D MonkeyStub: translateCommand: tap 560 400
03-25 13:30:21.641  2053  2137 I InputDispatcher: Dropping event because there is no touchable window or gesture monitor at (560, 400) in display 0.
03-25 13:30:21.641  9418  9418 E ClientVe: Failed to create ClientVisualElementsProto for user interaction on view com.google.android.apps.gsa.searchbox.ui.suggestions.views.CoreSuggestionView{e4071d8 VFE...CL. ......ID 0,132-1038,269 #2} because the view is not tagged for visual element logging.
03-25 13:30:21.641 12014 12014 I Monkey  :     // Injection Failed
03-25 13:30:21.642 12014 12014 I Monkey  :     // Injection Failed
03-25 13:30:21.642  9418  9418 E ClientVe: Failed to create ClientVisualElementsProto for user interaction on view com.google.android.apps.gsa.searchbox.ui.suggestions.views.CoreSuggestionView{e4071d8 VFE...CL. ......ID 0,132-1038,269 #2} because the view is not tagged for visual element logging.
03-25 13:30:21.642 12120 12120 E e.process.gapp: Not starting debugger since process cannot load the jdwp agent.
03-25 13:30:21.643  9418  9418 E ClientVe: Failed to create ClientVisualElementsProto for user interaction on view com.google.android.apps.gsa.searchbox.ui.suggestions.views.CoreSuggestionView{e4071d8 VFE...CL. ......ID 0,132-1038,269 #2} because the view is not tagged for visual element logging.
03-25 13:30:21.644  9418  9418 E ClientVe: Failed to create ClientVisualElementsProto for user interaction on view com.google.android.apps.gsa.searchbox.ui.suggestions.views.CoreSuggestionView{e4071d8 VFE...CL. ......ID 0,132-1038,269 #2} because the view is not tagged for visual element logging.
03-25 13:30:21.645 12014 12014 D MonkeyStub: translateCommand: tap 560 400
03-25 13:30:21.645  2053  2137 I InputDispatcher: Dropping event because there is no touchable window or gesture monitor at (560, 400) in display 0.
03-25 13:30:21.645  9418  9418 E ClientVe: Failed to create ClientVisualElementsProto for user interaction on view com.google.android.apps.gsa.searchbox.ui.suggestions.views.CoreSuggestionView{e4071d8 VFE...CL. ......ID 0,132-1038,269 #2} because the view is not tagged for visual element logging.
03-25 13:30:21.641  2053  3293 I chatty  : uid=1000(system) Binder:2053_C identical 3 lines
03-25 13:30:21.642  2053  3293 W InputManager: Input event injection from pid 12014 failed.
03-25 13:30:21.645  2053  2428 W InputManager: Input event injection from pid 12014 failed.
03-25 13:30:21.646 12014 12014 I Monkey  :     // Injection Failed
03-25 13:30:21.646 12014 12014 I Monkey  :     // Injection Failed
03-25 13:30:21.646 12014 12014 D MonkeyStub: translateCommand: tap 560 400
03-25 13:30:21.646  9418  9418 E ClientVe: Failed to create ClientVisualElementsProto for user interaction on view com.google.android.apps.gsa.searchbox.ui.suggestions.views.CoreSuggestionView{e4071d8 VFE...CL. ......ID 0,132-1038,269 #2} because the view is not tagged for visual element logging.
03-25 13:30:21.647  2053  2137 I InputDispatcher: Dropping event because there is no touchable window or gesture monitor at (560, 400) in display 0.
03-25 13:30:21.646  2053  2428 W InputManager: Input event injection from pid 12014 failed.
03-25 13:30:21.647  2053  2122 W InputManager: Input event injection from pid 12014 failed.
03-25 13:30:21.647 12014 12014 I Monkey  :     // Injection Failed
03-25 13:30:21.647  9418  9418 E ClientVe: Failed to create ClientVisualElementsProto for user interaction on view com.google.android.apps.gsa.searchbox.ui.suggestions.views.CoreSuggestionView{e4071d8 VFE...CL. ......ID 0,132-1038,269 #2} because the view is not tagged for visual element logging.
03-25 13:30:21.647  2053  2428 W InputManager: Input event injection from pid 12014 failed.
03-25 13:30:21.647 12014 12014 I Monkey  :     // Injection Failed
03-25 13:30:21.648  9418  9418 E ClientVe: Failed to create ClientVisualElementsProto for user interaction on view com.google.android.apps.gsa.searchbox.ui.suggestions.views.CoreSuggestionView{e4071d8 VFE...CL. ......ID 0,132-1038,269 #2} because the view is not tagged for visual element logging.
03-25 13:30:21.649 12014 12014 D MonkeyStub: translateCommand: tap 560 400
03-25 13:30:21.649  9418  9418 E ClientVe: Failed to create ClientVisualElementsProto for user interaction on view com.google.android.apps.gsa.searchbox.ui.suggestions.views.CoreSuggestionView{e4071d8 VFE...CL. ......ID 0,132-1038,269 #2} because the view is not tagged for visual element logging.
03-25 13:30:21.650  2053  2137 I InputDispatcher: Dropping event because there is no touchable window or gesture monitor at (560, 400) in display 0.
03-25 13:30:21.650 12014 12014 I Monkey  :     // Injection Failed
03-25 13:30:21.651  9418  9418 E ClientVe: Failed to create ClientVisualElementsProto for user interaction on view com.google.android.apps.gsa.searchbox.ui.suggestions.views.CoreSuggestionView{e4071d8 VFE...CL. ......ID 0,132-1038,269 #2} because the view is not tagged for visual element logging.
03-25 13:30:21.651 12014 12014 I Monkey  :     // Injection Failed
03-25 13:30:21.651 12014 12014 D MonkeyStub: translateCommand: tap 560 400
03-25 13:30:21.651  2053  2137 I InputDispatcher: Dropping event because there is no touchable window or gesture monitor at (560, 400) in display 0.
03-25 13:30:21.650  2053  2428 I chatty  : uid=1000(system) Binder:2053_7 identical 1 line
03-25 13:30:21.651  2053  2428 W InputManager: Input event injection from pid 12014 failed.
03-25 13:30:21.652  2053  2122 W InputManager: Input event injection from pid 12014 failed.
03-25 13:30:21.652  9418  9418 E ClientVe: Failed to create ClientVisualElementsProto for user interaction on view com.google.android.apps.gsa.searchbox.ui.suggestions.views.CoreSuggestionView{e4071d8 VFE...CL. ......ID 0,132-1038,269 #2} because the view is not tagged for visual element logging.
03-25 13:30:21.652 12014 12014 I Monkey  :     // Injection Failed
03-25 13:30:21.653 12014 12014 I Monkey  :     // Injection Failed
03-25 13:30:21.653 12014 12014 D MonkeyStub: translateCommand: tap 560 400
03-25 13:30:21.653  2053  2137 I InputDispatcher: Dropping event because there is no touchable window or gesture monitor at (560, 400) in display 0.
03-25 13:30:21.652  2053  2122 W InputManager: Input event injection from pid 12014 failed.
03-25 13:30:21.653  2053  5802 W InputManager: Input event injection from pid 12014 failed.
03-25 13:30:21.653 12014 12014 I Monkey  :     // Injection Failed
03-25 13:30:21.654 12014 12014 I Monkey  :     // Injection Failed
03-25 13:30:21.654 12014 12014 D MonkeyStub: translateCommand: tap 560 400
03-25 13:30:21.659  9418  9418 E ClientVe: Failed to create ClientVisualElementsProto for user interaction on view com.google.android.apps.gsa.searchbox.ui.suggestions.views.CoreSuggestionView{e4071d8 VFE...CL. ......ID 0,132-1038,269 #2} because the view is not tagged for visual element logging.
03-25 13:30:21.660  2053  2137 I InputDispatcher: Dropping event because there is no touchable window or gesture monitor at (560, 400) in display 0.
03-25 13:30:21.660 12120 12120 I e.process.gapp: The ClassLoaderContext is a special shared library.
03-25 13:30:21.660  9418  9418 E ClientVe: Failed to create ClientVisualElementsProto for user interaction on view com.google.android.apps.gsa.searchbox.ui.suggestions.views.CoreSuggestionView{e4071d8 VFE...CL. ......ID 0,132-1038,269 #2} because the view is not tagged for visual element logging.
03-25 13:30:21.661  9418  9418 E ClientVe: Failed to create ClientVisualElementsProto for user interaction on view com.google.android.apps.gsa.searchbox.ui.suggestions.views.CoreSuggestionView{e4071d8 VFE...CL. ......ID 0,132-1038,269 #2} because the view is not tagged for visual element logging.
03-25 13:30:21.661 12014 12014 I Monkey  :     // Injection Failed
03-25 13:30:21.654  2053  5802 I chatty  : uid=1000(system) Binder:2053_19 identical 1 line
03-25 13:30:21.661  2053  5802 W InputManager: Input event injection from pid 12014 failed.
03-25 13:30:21.662  2053  2122 W InputManager: Input event injection from pid 12014 failed.
03-25 13:30:21.662  9418  9418 E ClientVe: Failed to create ClientVisualElementsProto for user interaction on view com.google.android.apps.gsa.searchbox.ui.suggestions.views.CoreSuggestionView{e4071d8 VFE...CL. ......ID 0,132-1038,269 #2} because the view is not tagged for visual element logging.
03-25 13:30:21.662 12014 12014 I Monkey  :     // Injection Failed
03-25 13:30:21.662 12014 12014 D MonkeyStub: translateCommand: tap 560 400
03-25 13:30:21.663  9418  9418 E ClientVe: Failed to create ClientVisualElementsProto for user interaction on view com.google.android.apps.gsa.searchbox.ui.suggestions.views.CoreSuggestionView{e4071d8 VFE...CL. ......ID 0,132-1038,269 #2} because the view is not tagged for visual element logging.
03-25 13:30:21.663  2053  2137 I InputDispatcher: Dropping event because there is no touchable window or gesture monitor at (560, 400) in display 0.
03-25 13:30:21.664  9418  9418 E ClientVe: Failed to create ClientVisualElementsProto for user interaction on view com.google.android.apps.gsa.searchbox.ui.suggestions.views.CoreSuggestionView{e4071d8 VFE...CL. ......ID 0,132-1038,269 #2} because the view is not tagged for visual element logging.
03-25 13:30:21.664 12014 12014 I Monkey  :     // Injection Failed
03-25 13:30:21.663  2053  2122 W InputManager: Input event injection from pid 12014 failed.
03-25 13:30:21.664  2053  5802 W InputManager: Input event injection from pid 12014 failed.
03-25 13:30:21.664  9418  9418 E ClientVe: Failed to create ClientVisualElementsProto for user interaction on view com.google.android.apps.gsa.searchbox.ui.suggestions.views.CoreSuggestionView{e4071d8 VFE...CL. ......ID 0,132-1038,269 #2} because the view is not tagged for visual element logging.
03-25 13:30:21.664 12014 12014 I Monkey  :     // Injection Failed
03-25 13:30:21.664 12014 12014 D MonkeyStub: translateCommand: tap 560 400
03-25 13:30:21.665  9418  9418 E ClientVe: Failed to create ClientVisualElementsProto for user interaction on view com.google.android.apps.gsa.searchbox.ui.suggestions.views.CoreSuggestionView{e4071d8 VFE...CL. ......ID 0,132-1038,269 #2} because the view is not tagged for visual element logging.
03-25 13:30:21.665  2053  2137 I InputDispatcher: Dropping event because there is no touchable window or gesture monitor at (560, 400) in display 0.
03-25 13:30:21.666  2053  2122 W InputManager: Input event injection from pid 12014 failed.
03-25 13:30:21.666  9418  9418 E ClientVe: Failed to create ClientVisualElementsProto for user interaction on view com.google.android.apps.gsa.searchbox.ui.suggestions.views.CoreSuggestionView{e4071d8 VFE...CL. ......ID 0,132-1038,269 #2} because the view is not tagged for visual element logging.
03-25 13:30:21.666 12014 12014 I Monkey  :     // Injection Failed
03-25 13:30:21.666  9418  9418 E ClientVe: Failed to create ClientVisualElementsProto for user interaction on view com.google.android.apps.gsa.searchbox.ui.suggestions.views.CoreSuggestionView{e4071d8 VFE...CL. ......ID 0,132-1038,269 #2} because the view is not tagged for visual element logging.
03-25 13:30:21.666  2053  5802 W InputManager: Input event injection from pid 12014 failed.
03-25 13:30:21.667  9418  9418 E ClientVe: Failed to create ClientVisualElementsProto for user interaction on view com.google.android.apps.gsa.searchbox.ui.suggestions.views.CoreSuggestionView{e4071d8 VFE...CL. ......ID 0,132-1038,269 #2} because the view is not tagged for visual element logging.
03-25 13:30:21.667 12014 12014 I Monkey  :     // Injection Failed
03-25 13:30:21.668 12014 12014 D MonkeyStub: translateCommand: tap 560 400
03-25 13:30:21.668  9418  9418 E ClientVe: Failed to create ClientVisualElementsProto for user interaction on view com.google.android.apps.gsa.searchbox.ui.suggestions.views.CoreSuggestionView{e4071d8 VFE...CL. ......ID 0,132-1038,269 #2} because the view is not tagged for visual element logging.
03-25 13:30:21.668  2053  2137 I InputDispatcher: Dropping event because there is no touchable window or gesture monitor at (560, 400) in display 0.
03-25 13:30:21.669  9418  9418 E ClientVe: Failed to create ClientVisualElementsProto for user interaction on view com.google.android.apps.gsa.searchbox.ui.suggestions.views.CoreSuggestionView{e4071d8 VFE...CL. ......ID 0,132-1038,269 #2} because the view is not tagged for visual element logging.
03-25 13:30:21.669 12014 12014 I Monkey  :     // Injection Failed
03-25 13:30:21.669  2053  5802 W InputManager: Input event injection from pid 12014 failed.
03-25 13:30:21.670  2053  2122 W InputManager: Input event injection from pid 12014 failed.
03-25 13:30:21.670 12014 12014 I Monkey  :     // Injection Failed
03-25 13:30:21.671 12014 12014 D MonkeyStub: translateCommand: tap 560 400
03-25 13:30:21.672 12120 12120 I e.process.gapp: The ClassLoaderContext is a special shared library.
03-25 13:30:21.672  2053  2137 I InputDispatcher: Dropping event because there is no touchable window or gesture monitor at (560, 400) in display 0.
03-25 13:30:21.673  2053  5802 W InputManager: Input event injection from pid 12014 failed.
03-25 13:30:21.673 12014 12014 I Monkey  :     // Injection Failed
03-25 13:30:21.674  9418  9418 E ClientVe: Failed to create ClientVisualElementsProto for user interaction on view com.google.android.apps.gsa.searchbox.ui.suggestions.views.CoreSuggestionView{e4071d8 VFE...CL. ......ID 0,132-1038,269 #2} because the view is not tagged for visual element logging.
03-25 13:30:21.675 12014 12014 I Monkey  :     // Injection Failed
03-25 13:30:21.675 12014 12014 D MonkeyStub: translateCommand: tap 560 400
03-25 13:30:21.679  2053  2137 I InputDispatcher: Dropping event because there is no touchable window or gesture monitor at (560, 400) in display 0.
03-25 13:30:21.674  2053  5802 W InputManager: Input event injection from pid 12014 failed.
03-25 13:30:21.679  2053  2122 W InputManager: Input event injection from pid 12014 failed.
03-25 13:30:21.679 12014 12014 I Monkey  :     // Injection Failed
03-25 13:30:21.680  2053  5802 W InputManager: Input event injection from pid 12014 failed.
03-25 13:30:21.681 12014 12014 I Monkey  :     // Injection Failed
03-25 13:30:21.681 12014 12014 D MonkeyStub: translateCommand: tap 560 400
03-25 13:30:21.684  9418  9418 E ClientVe: Failed to create ClientVisualElementsProto for user interaction on view com.google.android.apps.gsa.searchbox.ui.suggestions.views.CoreSuggestionView{e4071d8 VFE...CL. ......ID 0,132-1038,269 #2} because the view is not tagged for visual element logging.
03-25 13:30:21.684  2053  2137 I InputDispatcher: Dropping event because there is no touchable window or gesture monitor at (560, 400) in display 0.
03-25 13:30:21.685 12014 12014 I Monkey  :     // Injection Failed
03-25 13:30:21.686 12014 12014 I Monkey  :     // Injection Failed
03-25 13:30:21.686 12014 12014 D MonkeyStub: translateCommand: tap 560 400
03-25 13:30:21.686  2053  2137 I InputDispatcher: Dropping event because there is no touchable window or gesture monitor at (560, 400) in display 0.
03-25 13:30:21.687  9418  9418 E ClientVe: Failed to create ClientVisualElementsProto for user interaction on view com.google.android.apps.gsa.searchbox.ui.suggestions.views.CoreSuggestionView{e4071d8 VFE...CL. ......ID 0,132-1038,269 #2} because the view is not tagged for visual element logging.
03-25 13:30:21.687 12014 12014 I Monkey  :     // Injection Failed
03-25 13:30:21.688  9418  9418 E ClientVe: Failed to create ClientVisualElementsProto for user interaction on view com.google.android.apps.gsa.searchbox.ui.suggestions.views.CoreSuggestionView{e4071d8 VFE...CL. ......ID 0,132-1038,269 #2} because the view is not tagged for visual element logging.
03-25 13:30:21.686  2053  5802 I chatty  : uid=1000(system) Binder:2053_19 identical 2 lines
03-25 13:30:21.687  2053  5802 W InputManager: Input event injection from pid 12014 failed.
03-25 13:30:21.689  2053  2122 W InputManager: Input event injection from pid 12014 failed.
03-25 13:30:21.689  9418  9418 E ClientVe: Failed to create ClientVisualElementsProto for user interaction on view com.google.android.apps.gsa.searchbox.ui.suggestions.views.CoreSuggestionView{e4071d8 VFE...CL. ......ID 0,132-1038,269 #2} because the view is not tagged for visual element logging.
03-25 13:30:21.690 12014 12014 I Monkey  :     // Injection Failed
03-25 13:30:21.690 12014 12014 D MonkeyStub: translateCommand: tap 560 400
03-25 13:30:21.690  9418  9430 I earchbox:searc: Background young concurrent copying GC freed 71339(3892KB) AllocSpace objects, 5(116KB) LOS objects, 18% free, 11MB/13MB, paused 285us total 138.416ms
03-25 13:30:21.690  9418  9418 E ClientVe: Failed to create ClientVisualElementsProto for user interaction on view com.google.android.apps.gsa.searchbox.ui.suggestions.views.CoreSuggestionView{e4071d8 VFE...CL. ......ID 0,132-1038,269 #2} because the view is not tagged for visual element logging.
03-25 13:30:21.690  2053  2137 I InputDispatcher: Dropping event because there is no touchable window or gesture monitor at (560, 400) in display 0.
03-25 13:30:21.691 12014 12014 I Monkey  :     // Injection Failed
03-25 13:30:21.691  9418  9418 E ClientVe: Failed to create ClientVisualElementsProto for user interaction on view com.google.android.apps.gsa.searchbox.ui.suggestions.views.CoreSuggestionView{e4071d8 VFE...CL. ......ID 0,132-1038,269 #2} because the view is not tagged for visual element logging.
03-25 13:30:21.691  2053  2122 W InputManager: Input event injection from pid 12014 failed.
03-25 13:30:21.692  2053  2428 W InputManager: Input event injection from pid 12014 failed.
03-25 13:30:21.692  9418  9418 E ClientVe: Failed to create ClientVisualElementsProto for user interaction on view com.google.android.apps.gsa.searchbox.ui.suggestions.views.CoreSuggestionView{e4071d8 VFE...CL. ......ID 0,132-1038,269 #2} because the view is not tagged for visual element logging.
03-25 13:30:21.692 12014 12014 I Monkey  :     // Injection Failed
03-25 13:30:21.693 12014 12014 D MonkeyStub: translateCommand: tap 560 400
03-25 13:30:21.693  9418  9418 E ClientVe: Failed to create ClientVisualElementsProto for user interaction on view com.google.android.apps.gsa.searchbox.ui.suggestions.views.CoreSuggestionView{e4071d8 VFE...CL. ......ID 0,132-1038,269 #2} because the view is not tagged for visual element logging.
03-25 13:30:21.693  2053  2137 I InputDispatcher: Dropping event because there is no touchable window or gesture monitor at (560, 400) in display 0.
03-25 13:30:21.693  2053  3293 W InputManager: Input event injection from pid 12014 failed.
03-25 13:30:21.693 12014 12014 I Monkey  :     // Injection Failed
03-25 13:30:21.694 12014 12014 I Monkey  :     // Injection Failed
03-25 13:30:21.694  9418  9418 E ClientVe: Failed to create ClientVisualElementsProto for user interaction on view com.google.android.apps.gsa.searchbox.ui.suggestions.views.CoreSuggestionView{e4071d8 VFE...CL. ......ID 0,132-1038,269 #2} because the view is not tagged for visual element logging.
03-25 13:30:21.695  9418  9418 E ClientVe: Failed to create ClientVisualElementsProto for user interaction on view com.google.android.apps.gsa.searchbox.ui.suggestions.views.CoreSuggestionView{e4071d8 VFE...CL. ......ID 0,132-1038,269 #2} because the view is not tagged for visual element logging.
03-25 13:30:21.696 12014 12014 D MonkeyStub: translateCommand: tap 560 400
03-25 13:30:21.696  9418  9418 E ClientVe: Failed to create ClientVisualElementsProto for user interaction on view com.google.android.apps.gsa.searchbox.ui.suggestions.views.CoreSuggestionView{e4071d8 VFE...CL. ......ID 0,132-1038,269 #2} because the view is not tagged for visual element logging.
03-25 13:30:21.696  2053  2137 I InputDispatcher: Dropping event because there is no touchable window or gesture monitor at (560, 400) in display 0.
03-25 13:30:21.697  9418  9418 E ClientVe: Failed to create ClientVisualElementsProto for user interaction on view com.google.android.apps.gsa.searchbox.ui.suggestions.views.CoreSuggestionView{e4071d8 VFE...CL. ......ID 0,132-1038,269 #2} because the view is not tagged for visual element logging.
03-25 13:30:21.697 12014 12014 I Monkey  :     // Injection Failed
03-25 13:30:21.698  9418  9418 E ClientVe: Failed to create ClientVisualElementsProto for user interaction on view com.google.android.apps.gsa.searchbox.ui.suggestions.views.CoreSuggestionView{e4071d8 VFE...CL. ......ID 0,132-1038,269 #2} because the view is not tagged for visual element logging.
03-25 13:30:21.698 12014 12014 I Monkey  :     // Injection Failed
03-25 13:30:21.698 12014 12014 D MonkeyStub: translateCommand: tap 560 400
03-25 13:30:21.699  2053  2137 I InputDispatcher: Dropping event because there is no touchable window or gesture monitor at (560, 400) in display 0.
03-25 13:30:21.699  9418  9418 E ClientVe: Failed to create ClientVisualElementsProto for user interaction on view com.google.android.apps.gsa.searchbox.ui.suggestions.views.CoreSuggestionView{e4071d8 VFE...CL. ......ID 0,132-1038,269 #2} because the view is not tagged for visual element logging.
03-25 13:30:21.700 12014 12014 I Monkey  :     // Injection Failed
03-25 13:30:21.701  9418  9418 E ClientVe: Failed to create ClientVisualElementsProto for user interaction on view com.google.android.apps.gsa.searchbox.ui.suggestions.views.CoreSuggestionView{e4071d8 VFE...CL. ......ID 0,132-1038,269 #2} because the view is not tagged for visual element logging.
03-25 13:30:21.701 12014 12014 I Monkey  :     // Injection Failed
03-25 13:30:21.701 12014 12014 D MonkeyStub: translateCommand: tap 560 400
03-25 13:30:21.701  2053  2137 I InputDispatcher: Dropping event because there is no touchable window or gesture monitor at (560, 400) in display 0.
03-25 13:30:21.701  9418  9418 E ClientVe: Failed to create ClientVisualElementsProto for user interaction on view com.google.android.apps.gsa.searchbox.ui.suggestions.views.CoreSuggestionView{e4071d8 VFE...CL. ......ID 0,132-1038,269 #2} because the view is not tagged for visual element logging.
03-25 13:30:21.702 12014 12014 I Monkey  :     // Injection Failed
03-25 13:30:21.702 12014 12014 I Monkey  :     // Injection Failed
03-25 13:30:21.702  9418  9418 E ClientVe: Failed to create ClientVisualElementsProto for user interaction on view com.google.android.apps.gsa.searchbox.ui.suggestions.views.CoreSuggestionView{e4071d8 VFE...CL. ......ID 0,132-1038,269 #2} because the view is not tagged for visual element logging.
03-25 13:30:21.702 12014 12014 D MonkeyStub: translateCommand: tap 560 400
03-25 13:30:21.703  9418  9418 E ClientVe: Failed to create ClientVisualElementsProto for user interaction on view com.google.android.apps.gsa.searchbox.ui.suggestions.views.CoreSuggestionView{e4071d8 VFE...CL. ......ID 0,132-1038,269 #2} because the view is not tagged for visual element logging.
03-25 13:30:21.703  2053  2137 I InputDispatcher: Dropping event because there is no touchable window or gesture monitor at (560, 400) in display 0.
03-25 13:30:21.703 12014 12014 I Monkey  :     // Injection Failed
