03-25 13:30:38.316  9418  9552 D eglCodecCommon: setVertexArrayObject: set vao to 0 (0) 8 1
03-25 13:30:38.322 12220 12220 D MonkeyStub: translateCommand: tap 560 400
03-25 13:30:38.326 12220 12220 I chatty  : uid=2000(shell) app_process identical 3 lines
03-25 13:30:38.328 12220 12220 D MonkeyStub: translateCommand: tap 560 400
03-25 13:30:38.333  9418  9552 D eglCodecCommon: setVertexArrayObject: set vao to 2 (2) 8 22
03-25 13:30:38.334  9418  9552 D eglCodecCommon: setVertexArrayObject: set vao to 0 (0) 8 1
03-25 13:30:38.337 12220 12220 D MonkeyStub: translateCommand: tap 560 400
03-25 13:30:38.344 12220 12220 I chatty  : uid=2000(shell) app_process identical 5 lines
03-25 13:30:38.346 12220 12220 D MonkeyStub: translateCommand: tap 560 400
03-25 13:30:38.349  9418  9552 D eglCodecCommon: setVertexArrayObject: set vao to 2 (2) 8 22
03-25 13:30:38.350  9418  9552 D eglCodecCommon: setVertexArrayObject: set vao to 0 (0) 8 1
03-25 13:30:38.353 12220 12220 D MonkeyStub: translateCommand: tap 560 400
03-25 13:30:38.360 12220 12220 I chatty  : uid=2000(shell) app_process identical 5 lines
03-25 13:30:38.364 12220 12220 D MonkeyStub: translateCommand: tap 560 400
03-25 13:30:38.365  9418  9552 D eglCodecCommon: setVertexArrayObject: set vao to 2 (2) 8 22
03-25 13:30:38.365  9418  9552 D eglCodecCommon: setVertexArrayObject: set vao to 0 (0) 8 1
03-25 13:30:38.369 12220 12220 D MonkeyStub: translateCommand: tap 560 400
03-25 13:30:38.375 12220 12220 I chatty  : uid=2000(shell) app_process identical 1 line
03-25 13:30:38.377 12220 12220 D MonkeyStub: translateCommand: tap 560 400
03-25 13:30:38.382  9418  9552 D eglCodecCommon: setVertexArrayObject: set vao to 2 (2) 8 22
03-25 13:30:38.383  9418  9552 D eglCodecCommon: setVertexArrayObject: set vao to 0 (0) 8 1
03-25 13:30:38.387 12220 12220 D MonkeyStub: translateCommand: tap 560 400
03-25 13:30:38.394 12220 12220 I chatty  : uid=2000(shell) app_process identical 4 lines
03-25 13:30:38.399 12220 12220 D MonkeyStub: translateCommand: tap 560 400
03-25 13:30:38.399  9418  9552 D eglCodecCommon: setVertexArrayObject: set vao to 2 (2) 8 22
03-25 13:30:38.399  9418  9552 D eglCodecCommon: setVertexArrayObject: set vao to 0 (0) 8 1
03-25 13:30:38.403 12220 12220 D MonkeyStub: translateCommand: tap 560 400
03-25 13:30:38.410 12220 12220 I chatty  : uid=2000(shell) app_process identical 5 lines
03-25 13:30:38.412 12220 12220 D MonkeyStub: translateCommand: tap 560 400
03-25 13:30:38.416  9418  9552 D eglCodecCommon: setVertexArrayObject: set vao to 2 (2) 8 22
03-25 13:30:38.417  9418  9552 D eglCodecCommon: setVertexArrayObject: set vao to 0 (0) 8 1
03-25 13:30:38.433  9418  9552 D eglCodecCommon: setVertexArrayObject: set vao to 2 (2) 8 22
03-25 13:30:38.436  9418  9552 D eglCodecCommon: setVertexArrayObject: set vao to 0 (0) 8 1
03-25 13:30:38.451  9418  9552 D eglCodecCommon: setVertexArrayObject: set vao to 2 (2) 8 22
03-25 13:30:38.452  9418  9552 D eglCodecCommon: setVertexArrayObject: set vao to 0 (0) 8 1
03-25 13:30:38.470  9418  9552 D eglCodecCommon: setVertexArrayObject: set vao to 2 (2) 8 22
03-25 13:30:38.471  9418  9552 D eglCodecCommon: setVertexArrayObject: set vao to 0 (0) 8 1
03-25 13:30:38.485  9418  9552 D eglCodecCommon: setVertexArrayObject: set vao to 2 (2) 8 22
03-25 13:30:38.486  9418  9552 D eglCodecCommon: setVertexArrayObject: set vao to 0 (0) 8 1
03-25 13:30:38.499  9418  9552 D eglCodecCommon: setVertexArrayObject: set vao to 2 (2) 8 22
03-25 13:30:38.501  9418  9552 D eglCodecCommon: setVertexArrayObject: set vao to 0 (0) 8 1
03-25 13:30:38.533  9418  9552 D eglCodecCommon: setVertexArrayObject: set vao to 2 (2) 8 22
03-25 13:30:38.534  9418  9552 D eglCodecCommon: setVertexArrayObject: set vao to 0 (0) 8 1
03-25 13:30:38.553  9418  9552 D eglCodecCommon: setVertexArrayObject: set vao to 2 (2) 8 22
03-25 13:30:38.554  9418  9552 D eglCodecCommon: setVertexArrayObject: set vao to 0 (0) 8 1
03-25 13:30:38.557  1798  1982 D gralloc_ranchu: gralloc_alloc: Creating ashmem region of size 8298496
03-25 13:30:38.557 10943 11312 I Icing   : Usage reports ok 210, Failed Usage reports 0, indexed 208, rejected 0
03-25 13:30:38.571  9418  9552 D eglCodecCommon: setVertexArrayObject: set vao to 2 (2) 8 22
03-25 13:30:38.573  9418  9552 D eglCodecCommon: setVertexArrayObject: set vao to 0 (0) 8 1
03-25 13:30:38.576  1682  1682 I hwservicemanager: getTransport: Cannot find entry android.hardware.graphics.mapper@3.0::IMapper/default in either framework or device manifest.
03-25 13:30:38.577 12259 12259 W Gralloc3: mapper 3.x is not supported
03-25 13:30:38.579 10943 11312 W Icing   : No valid account for uploading user actions
03-25 13:30:38.586  9418  9552 D eglCodecCommon: setVertexArrayObject: set vao to 2 (2) 8 22
03-25 13:30:38.587  9418  9552 D eglCodecCommon: setVertexArrayObject: set vao to 0 (0) 8 1
03-25 13:30:38.603  9418  9552 D eglCodecCommon: setVertexArrayObject: set vao to 2 (2) 8 22
03-25 13:30:38.604  9418  9552 D eglCodecCommon: setVertexArrayObject: set vao to 0 (0) 8 1
03-25 13:30:38.619  9418  9552 D eglCodecCommon: setVertexArrayObject: set vao to 2 (2) 8 22
03-25 13:30:38.620  9418  9552 D eglCodecCommon: setVertexArrayObject: set vao to 0 (0) 8 1
03-25 13:30:38.633 12259 12259 D HostConnection: createUnique: call
03-25 13:30:38.633 12259 12259 D HostConnection: HostConnection::get() New Host Connection established 0xee612d70, tid 12259
03-25 13:30:38.635 12259 12259 D HostConnection: HostComposition ext ANDROID_EMU_CHECKSUM_HELPER_v1 ANDROID_EMU_dma_v1 ANDROID_EMU_direct_mem ANDROID_EMU_host_composition_v1 ANDROID_EMU_host_composition_v2 ANDROID_EMU_vulkan ANDROID_EMU_deferred_vulkan_commands ANDROID_EMU_vulkan_null_optional_strings ANDROID_EMU_vulkan_create_resources_with_requirements ANDROID_EMU_YUV420_888_to_NV21 ANDROID_EMU_YUV_Cache ANDROID_EMU_async_unmap_buffer ANDROID_EMU_vulkan_free_memory_sync ANDROID_EMU_vulkan_shader_float16_int8 ANDROID_EMU_vulkan_async_queue_submit GL_OES_vertex_array_object GL_KHR_texture_compression_astc_ldr ANDROID_EMU_host_side_tracing ANDROID_EMU_async_frame_commands ANDROID_EMU_gles_max_version_2 
03-25 13:30:38.636 12259 12259 D eglCodecCommon: allocate: Ask for block of size 0x1000
03-25 13:30:38.636 12259 12259 D eglCodecCommon: allocate: ioctl allocate returned offset 0x3ff805000 size 0x2000
03-25 13:30:38.637  9418  9552 D eglCodecCommon: setVertexArrayObject: set vao to 2 (2) 8 22
03-25 13:30:38.660  9418  9552 D eglCodecCommon: setVertexArrayObject: set vao to 0 (0) 8 1
03-25 13:30:38.668  9418  9552 D eglCodecCommon: setVertexArrayObject: set vao to 2 (2) 8 22
03-25 13:30:38.669  9418  9552 D eglCodecCommon: setVertexArrayObject: set vao to 0 (0) 8 1
03-25 13:30:38.675  9418  9552 D eglCodecCommon: setVertexArrayObject: set vao to 2 (2) 8 22
03-25 13:30:38.676  9418  9552 D eglCodecCommon: setVertexArrayObject: set vao to 0 (0) 8 1
03-25 13:30:38.700 12259 12259 D eglCodecCommon: allocate: Ask for block of size 0x7ea000
03-25 13:30:38.700 12259 12259 D eglCodecCommon: allocate: ioctl allocate returned offset 0x3ff018000 size 0x7eb000
03-25 13:30:38.710  9418  9552 D eglCodecCommon: setVertexArrayObject: set vao to 2 (2) 8 22
03-25 13:30:38.713  9418  9552 D eglCodecCommon: setVertexArrayObject: set vao to 0 (0) 8 1
03-25 13:30:38.724  9418  9552 D eglCodecCommon: setVertexArrayObject: set vao to 2 (2) 8 22
03-25 13:30:38.725  9418  9552 D eglCodecCommon: setVertexArrayObject: set vao to 0 (0) 8 1
03-25 13:30:38.736  1808  2030 D AudioFlinger: mixer(0xf75f0c40) throttle end: throttle time(2)
03-25 13:30:38.739  9418  9552 D eglCodecCommon: setVertexArrayObject: set vao to 2 (2) 8 22
03-25 13:30:38.740  9418  9552 D eglCodecCommon: setVertexArrayObject: set vao to 0 (0) 8 1
03-25 13:30:38.791 10943 11312 I Icing   : Usage reports ok 28, Failed Usage reports 0, indexed 23, rejected 0
03-25 13:30:38.794 10943 11312 W Icing   : No valid account for uploading user actions
03-25 13:30:38.800 10943 11312 I Icing   : Usage reports ok 0, Failed Usage reports 0, indexed 0, rejected 0
03-25 13:30:38.802 10943 11312 W Icing   : No valid account for uploading user actions
03-25 13:30:38.806 10943 11312 I Icing   : Usage reports ok 0, Failed Usage reports 0, indexed 0, rejected 0
03-25 13:30:38.808 10943 11312 W Icing   : No valid account for uploading user actions
03-25 13:30:38.811 10943 11312 I Icing   : Usage reports ok 0, Failed Usage reports 0, indexed 0, rejected 0
03-25 13:30:38.931  9418  9552 D eglCodecCommon: setVertexArrayObject: set vao to 2 (2) 8 22
03-25 13:30:38.934  9418  9552 D eglCodecCommon: setVertexArrayObject: set vao to 0 (0) 8 1
03-25 13:30:38.947  9418  9552 D eglCodecCommon: setVertexArrayObject: set vao to 2 (2) 8 22
03-25 13:30:38.947  9418  9552 D eglCodecCommon: setVertexArrayObject: set vao to 0 (0) 8 1
03-25 13:30:38.964  9418  9552 D eglCodecCommon: setVertexArrayObject: set vao to 2 (2) 8 22
03-25 13:30:38.965  9418  9552 D eglCodecCommon: setVertexArrayObject: set vao to 0 (0) 8 1
03-25 13:30:38.982  9418  9552 D eglCodecCommon: setVertexArrayObject: set vao to 2 (2) 8 22
03-25 13:30:38.982  9418  9552 D eglCodecCommon: setVertexArrayObject: set vao to 0 (0) 8 1
03-25 13:30:39.042  1797  2339 E GnssHAL_GnssInterface: gnssSvStatusCb: a: input svInfo.flags is 8
03-25 13:30:39.042  1797  2339 E GnssHAL_GnssInterface: gnssSvStatusCb: b: input svInfo.flags is 8
03-25 13:30:39.316 12220 12220 D MonkeyStub: Quit requested
03-25 13:30:39.316 12220 12220 I Monkey  : Events injected: 2024
03-25 13:30:38.279  2191  2191 V DeadZone: consuming errant click: (824.9634,39.92578)
03-25 13:30:39.317  2053  2053 V SettingsProvider: Notifying for 0: content://settings/system/accelerometer_rotation
03-25 13:30:39.319  2053  2073 W Looper  : Drained
03-25 13:30:39.320  2053  2075 W InputReader: Device has associated, but no associated display id.
03-25 13:30:39.320  2053  2053 V SettingsProvider: Notifying for 0: content://settings/system/accelerometer_rotation
03-25 13:30:39.322  2053  2075 I chatty  : uid=1000(system) android.display identical 18 lines
03-25 13:30:39.322  2053  2075 W InputReader: Device has associated, but no associated display id.
03-25 13:30:39.324 12220 12220 I Monkey  : ## Network stats: elapsed time=5744ms (0ms mobile, 0ms wifi, 5744ms not connected)
03-25 13:30:39.324 12220 12220 W Monkey  : ** System appears to have crashed at event 2024 of 2147483647 using seed 1616779106438
03-25 13:30:39.324 12220 12220 I app_process: System.exit called, status: 2024
03-25 13:30:39.324 12220 12220 I AndroidRuntime: VM exiting with result code 2024.
03-25 13:30:39.344  2053  5467 W WindowManager: removeWindowToken: Attempted to remove non-existing token: android.os.Binder@f8c8a76
03-25 13:30:39.345  2053  2053 V SettingsProvider: Notifying for 0: content://settings/secure/accessibility_enabled
